Archive member included to satisfy reference by file (symbol)

c:/program files (x86)/atmel/studio/7.0/toolchain/avr8/avr8-gnu-toolchain/bin/../lib/gcc/avr/5.4.0/../../../../avr/lib/avr5\libm.a(addsf3.o)
                              timers.o (__addsf3)
c:/program files (x86)/atmel/studio/7.0/toolchain/avr8/avr8-gnu-toolchain/bin/../lib/gcc/avr/5.4.0/../../../../avr/lib/avr5\libm.a(addsf3x.o)
                              c:/program files (x86)/atmel/studio/7.0/toolchain/avr8/avr8-gnu-toolchain/bin/../lib/gcc/avr/5.4.0/../../../../avr/lib/avr5\libm.a(addsf3.o) (__addsf3x)
c:/program files (x86)/atmel/studio/7.0/toolchain/avr8/avr8-gnu-toolchain/bin/../lib/gcc/avr/5.4.0/../../../../avr/lib/avr5\libm.a(fixunssfsi.o)
                              timers.o (__fixunssfsi)
c:/program files (x86)/atmel/studio/7.0/toolchain/avr8/avr8-gnu-toolchain/bin/../lib/gcc/avr/5.4.0/../../../../avr/lib/avr5\libm.a(floatsisf.o)
                              timers.o (__floatsisf)
c:/program files (x86)/atmel/studio/7.0/toolchain/avr8/avr8-gnu-toolchain/bin/../lib/gcc/avr/5.4.0/../../../../avr/lib/avr5\libm.a(fp_inf.o)
                              c:/program files (x86)/atmel/studio/7.0/toolchain/avr8/avr8-gnu-toolchain/bin/../lib/gcc/avr/5.4.0/../../../../avr/lib/avr5\libm.a(addsf3x.o) (__fp_inf)
c:/program files (x86)/atmel/studio/7.0/toolchain/avr8/avr8-gnu-toolchain/bin/../lib/gcc/avr/5.4.0/../../../../avr/lib/avr5\libm.a(fp_nan.o)
                              c:/program files (x86)/atmel/studio/7.0/toolchain/avr8/avr8-gnu-toolchain/bin/../lib/gcc/avr/5.4.0/../../../../avr/lib/avr5\libm.a(addsf3x.o) (__fp_nan)
c:/program files (x86)/atmel/studio/7.0/toolchain/avr8/avr8-gnu-toolchain/bin/../lib/gcc/avr/5.4.0/../../../../avr/lib/avr5\libm.a(fp_pscA.o)
                              c:/program files (x86)/atmel/studio/7.0/toolchain/avr8/avr8-gnu-toolchain/bin/../lib/gcc/avr/5.4.0/../../../../avr/lib/avr5\libm.a(addsf3x.o) (__fp_pscA)
c:/program files (x86)/atmel/studio/7.0/toolchain/avr8/avr8-gnu-toolchain/bin/../lib/gcc/avr/5.4.0/../../../../avr/lib/avr5\libm.a(fp_pscB.o)
                              c:/program files (x86)/atmel/studio/7.0/toolchain/avr8/avr8-gnu-toolchain/bin/../lib/gcc/avr/5.4.0/../../../../avr/lib/avr5\libm.a(addsf3x.o) (__fp_pscB)
c:/program files (x86)/atmel/studio/7.0/toolchain/avr8/avr8-gnu-toolchain/bin/../lib/gcc/avr/5.4.0/../../../../avr/lib/avr5\libm.a(fp_round.o)
                              c:/program files (x86)/atmel/studio/7.0/toolchain/avr8/avr8-gnu-toolchain/bin/../lib/gcc/avr/5.4.0/../../../../avr/lib/avr5\libm.a(addsf3.o) (__fp_round)
c:/program files (x86)/atmel/studio/7.0/toolchain/avr8/avr8-gnu-toolchain/bin/../lib/gcc/avr/5.4.0/../../../../avr/lib/avr5\libm.a(fp_split3.o)
                              c:/program files (x86)/atmel/studio/7.0/toolchain/avr8/avr8-gnu-toolchain/bin/../lib/gcc/avr/5.4.0/../../../../avr/lib/avr5\libm.a(addsf3x.o) (__fp_split3)
c:/program files (x86)/atmel/studio/7.0/toolchain/avr8/avr8-gnu-toolchain/bin/../lib/gcc/avr/5.4.0/../../../../avr/lib/avr5\libm.a(fp_zero.o)
                              c:/program files (x86)/atmel/studio/7.0/toolchain/avr8/avr8-gnu-toolchain/bin/../lib/gcc/avr/5.4.0/../../../../avr/lib/avr5\libm.a(addsf3x.o) (__fp_zero)
c:/program files (x86)/atmel/studio/7.0/toolchain/avr8/avr8-gnu-toolchain/bin/../lib/gcc/avr/5.4.0/../../../../avr/lib/avr5\libm.a(mulsf3.o)
                              timers.o (__mulsf3)
c:/program files (x86)/atmel/studio/7.0/toolchain/avr8/avr8-gnu-toolchain/bin/../lib/gcc/avr/5.4.0/../../../../avr/lib/avr5\libm.a(mulsf3x.o)
                              c:/program files (x86)/atmel/studio/7.0/toolchain/avr8/avr8-gnu-toolchain/bin/../lib/gcc/avr/5.4.0/../../../../avr/lib/avr5\libm.a(mulsf3.o) (__mulsf3x)
c:/program files (x86)/atmel/studio/7.0/toolchain/avr8/avr8-gnu-toolchain/bin/../lib/gcc/avr/5.4.0/avr5\libgcc.a(_divmodhi4.o)
                              timers.o (__divmodhi4)
c:/program files (x86)/atmel/studio/7.0/toolchain/avr8/avr8-gnu-toolchain/bin/../lib/gcc/avr/5.4.0/avr5\libgcc.a(_exit.o)
                              C:/Program Files (x86)/Atmel/Studio/7.0/Packs/atmel/ATmega_DFP/1.2.150/gcc/dev/atmega32/avr5/crtatmega32.o (exit)
c:/program files (x86)/atmel/studio/7.0/toolchain/avr8/avr8-gnu-toolchain/bin/../lib/gcc/avr/5.4.0/avr5\libgcc.a(_clear_bss.o)
                              interrupt.o (__do_clear_bss)
c:/program files (x86)/atmel/studio/7.0/toolchain/avr8/avr8-gnu-toolchain/bin/../lib/gcc/avr/5.4.0/avr5\libgcc.a(_udivmodhi4.o)
                              c:/program files (x86)/atmel/studio/7.0/toolchain/avr8/avr8-gnu-toolchain/bin/../lib/gcc/avr/5.4.0/avr5\libgcc.a(_divmodhi4.o) (__udivmodhi4)

Allocating common symbols
Common symbol       size              file

g8_TCNT0_value_Swpwm_ISR
                    0x1               timers.o
g8_state            0x1               interrupt.o

Discarded input sections

 .data          0x00000000        0x0 C:/Program Files (x86)/Atmel/Studio/7.0/Packs/atmel/ATmega_DFP/1.2.150/gcc/dev/atmega32/avr5/crtatmega32.o
 .bss           0x00000000        0x0 C:/Program Files (x86)/Atmel/Studio/7.0/Packs/atmel/ATmega_DFP/1.2.150/gcc/dev/atmega32/avr5/crtatmega32.o
 .group         0x00000000        0x8 GPIO.o
 .group         0x00000000        0x8 GPIO.o
 .group         0x00000000        0x8 GPIO.o
 .group         0x00000000        0x8 GPIO.o
 .text          0x00000000        0x0 GPIO.o
 .data          0x00000000        0x0 GPIO.o
 .bss           0x00000000        0x0 GPIO.o
 .text.gpioPortDirection
                0x00000000       0x20 GPIO.o
 .text.gpioPortWrite
                0x00000000       0x20 GPIO.o
 .text.gpioPortToggle
                0x00000000       0x30 GPIO.o
 .text.gpioPortRead
                0x00000000       0x22 GPIO.o
 .text.gpioPinToggle
                0x00000000       0x30 GPIO.o
 .group         0x00000000        0x8 interrupt.o
 .group         0x00000000        0x8 interrupt.o
 .group         0x00000000        0x8 interrupt.o
 .group         0x00000000        0x8 interrupt.o
 .group         0x00000000        0x8 interrupt.o
 .group         0x00000000        0x8 interrupt.o
 .group         0x00000000        0x8 interrupt.o
 .group         0x00000000        0x8 interrupt.o
 .text          0x00000000        0x0 interrupt.o
 .data          0x00000000        0x0 interrupt.o
 .bss           0x00000000        0x0 interrupt.o
 .text.INT0_Init
                0x00000000       0x3e interrupt.o
 .text.INT0_DeInit
                0x00000000       0x10 interrupt.o
 .text.INT1_Init
                0x00000000       0x3e interrupt.o
 .text.INT1_DeInit
                0x00000000       0x12 interrupt.o
 .text.INT2_Init
                0x00000000       0x3e interrupt.o
 .text.INT2_DeInit
                0x00000000       0x12 interrupt.o
 .bss.g8_interrupt_zero_flag
                0x00000000        0x1 interrupt.o
 .debug_info    0x00000000      0x23d interrupt.o
 .debug_abbrev  0x00000000       0xe8 interrupt.o
 .debug_loc     0x00000000       0xea interrupt.o
 .debug_aranges
                0x00000000       0x48 interrupt.o
 .debug_ranges  0x00000000       0x38 interrupt.o
 .debug_macro   0x00000000       0x6c interrupt.o
 .debug_macro   0x00000000      0xa4e interrupt.o
 .debug_macro   0x00000000       0x2e interrupt.o
 .debug_macro   0x00000000      0x1e9 interrupt.o
 .debug_macro   0x00000000       0x2e interrupt.o
 .debug_macro   0x00000000       0x28 interrupt.o
 .debug_macro   0x00000000      0x151 interrupt.o
 .debug_macro   0x00000000      0x118 interrupt.o
 .debug_macro   0x00000000       0x40 interrupt.o
 .debug_line    0x00000000      0x207 interrupt.o
 .debug_str     0x00000000     0x3cd0 interrupt.o
 .comment       0x00000000       0x31 interrupt.o
 .debug_frame   0x00000000       0x8c interrupt.o
 COMMON         0x00000000        0x1 interrupt.o
 .group         0x00000000        0x8 ISRs.o
 .group         0x00000000        0x8 ISRs.o
 .group         0x00000000        0x8 ISRs.o
 .group         0x00000000        0x8 ISRs.o
 .group         0x00000000        0x8 ISRs.o
 .group         0x00000000        0x8 ISRs.o
 .group         0x00000000        0x8 ISRs.o
 .group         0x00000000        0x8 ISRs.o
 .group         0x00000000        0x8 ISRs.o
 .group         0x00000000        0x8 ISRs.o
 .group         0x00000000        0x8 ISRs.o
 .group         0x00000000        0x8 ISRs.o
 .group         0x00000000        0x8 ISRs.o
 .group         0x00000000        0x8 ISRs.o
 .group         0x00000000        0x8 ISRs.o
 .group         0x00000000        0x8 ISRs.o
 .group         0x00000000        0x8 ISRs.o
 .group         0x00000000        0x8 ISRs.o
 .group         0x00000000        0x8 ISRs.o
 .group         0x00000000        0x8 ISRs.o
 .group         0x00000000        0x8 ISRs.o
 .group         0x00000000        0x8 ISRs.o
 .group         0x00000000        0x8 ISRs.o
 .group         0x00000000        0x8 ISRs.o
 .group         0x00000000        0x8 ISRs.o
 .group         0x00000000        0x8 ISRs.o
 .group         0x00000000        0x8 ISRs.o
 .group         0x00000000        0x8 ISRs.o
 .group         0x00000000        0x8 ISRs.o
 .group         0x00000000        0x8 ISRs.o
 .group         0x00000000        0x8 ISRs.o
 .text          0x00000000        0x0 ISRs.o
 .data          0x00000000        0x0 ISRs.o
 .bss           0x00000000        0x0 ISRs.o
 .bss.u8_local_int0_flag
                0x00000000        0x1 ISRs.o
 .bss.g8_gloabal_int0_flag
                0x00000000        0x1 ISRs.o
 .debug_macro   0x00000000      0xa4e ISRs.o
 .debug_macro   0x00000000       0x2e ISRs.o
 .debug_macro   0x00000000      0x1e9 ISRs.o
 .debug_macro   0x00000000       0x2e ISRs.o
 .debug_macro   0x00000000       0x28 ISRs.o
 .debug_macro   0x00000000      0x151 ISRs.o
 .debug_macro   0x00000000       0x40 ISRs.o
 COMMON         0x00000000        0x0 ISRs.o
 .group         0x00000000        0x8 led.o
 .group         0x00000000        0x8 led.o
 .group         0x00000000        0x8 led.o
 .group         0x00000000        0x8 led.o
 .group         0x00000000        0x8 led.o
 .text          0x00000000        0x0 led.o
 .data          0x00000000        0x0 led.o
 .bss           0x00000000        0x0 led.o
 .text.Led_Init
                0x00000000       0x40 led.o
 .text.Led_On   0x00000000       0x40 led.o
 .text.Led_Off  0x00000000       0x40 led.o
 .text.Led_Toggle
                0x00000000       0x38 led.o
 .debug_info    0x00000000      0x36a led.o
 .debug_abbrev  0x00000000       0xb5 led.o
 .debug_loc     0x00000000      0x1b0 led.o
 .debug_aranges
                0x00000000       0x38 led.o
 .debug_ranges  0x00000000       0x28 led.o
 .debug_macro   0x00000000       0x45 led.o
 .debug_macro   0x00000000      0xa4e led.o
 .debug_macro   0x00000000       0x2e led.o
 .debug_macro   0x00000000      0x1ef led.o
 .debug_macro   0x00000000       0x28 led.o
 .debug_macro   0x00000000       0x40 led.o
 .debug_line    0x00000000      0x169 led.o
 .debug_str     0x00000000     0x3616 led.o
 .comment       0x00000000       0x31 led.o
 .debug_frame   0x00000000       0x54 led.o
 .group         0x00000000        0x8 main.o
 .group         0x00000000        0x8 main.o
 .group         0x00000000        0x8 main.o
 .group         0x00000000        0x8 main.o
 .group         0x00000000        0x8 main.o
 .group         0x00000000        0x8 main.o
 .group         0x00000000        0x8 main.o
 .group         0x00000000        0x8 main.o
 .group         0x00000000        0x8 main.o
 .group         0x00000000        0x8 main.o
 .group         0x00000000        0x8 main.o
 .group         0x00000000        0x8 main.o
 .text          0x00000000        0x0 main.o
 .data          0x00000000        0x0 main.o
 .bss           0x00000000        0x0 main.o
 .debug_macro   0x00000000      0xa4e main.o
 .debug_macro   0x00000000       0x2e main.o
 .debug_macro   0x00000000      0x1ef main.o
 .debug_macro   0x00000000       0x28 main.o
 .debug_macro   0x00000000       0x28 main.o
 .debug_macro   0x00000000       0x40 main.o
 .debug_macro   0x00000000      0x118 main.o
 .group         0x00000000        0x8 pushButton.o
 .group         0x00000000        0x8 pushButton.o
 .group         0x00000000        0x8 pushButton.o
 .group         0x00000000        0x8 pushButton.o
 .group         0x00000000        0x8 pushButton.o
 .text          0x00000000        0x0 pushButton.o
 .data          0x00000000        0x0 pushButton.o
 .bss           0x00000000        0x0 pushButton.o
 .debug_macro   0x00000000      0xa4e pushButton.o
 .debug_macro   0x00000000       0x2e pushButton.o
 .debug_macro   0x00000000      0x1ef pushButton.o
 .debug_macro   0x00000000       0x28 pushButton.o
 .group         0x00000000        0x8 sevensegement.o
 .group         0x00000000        0x8 sevensegement.o
 .group         0x00000000        0x8 sevensegement.o
 .group         0x00000000        0x8 sevensegement.o
 .group         0x00000000        0x8 sevensegement.o
 .text          0x00000000        0x0 sevensegement.o
 .data          0x00000000        0x0 sevensegement.o
 .bss           0x00000000        0x0 sevensegement.o
 .text.sevenSegInit
                0x00000000       0x36 sevensegement.o
 .text.sevenSegEnable
                0x00000000       0x22 sevensegement.o
 .text.sevenSegDisable
                0x00000000       0x22 sevensegement.o
 .text.sevenSegWrite
                0x00000000       0x1c sevensegement.o
 .debug_info    0x00000000      0x2c5 sevensegement.o
 .debug_abbrev  0x00000000       0xcf sevensegement.o
 .debug_loc     0x00000000      0x11d sevensegement.o
 .debug_aranges
                0x00000000       0x38 sevensegement.o
 .debug_ranges  0x00000000       0x28 sevensegement.o
 .debug_macro   0x00000000       0x4b sevensegement.o
 .debug_macro   0x00000000      0xa4e sevensegement.o
 .debug_macro   0x00000000       0x2e sevensegement.o
 .debug_macro   0x00000000      0x1ef sevensegement.o
 .debug_macro   0x00000000       0x28 sevensegement.o
 .debug_macro   0x00000000       0x34 sevensegement.o
 .debug_line    0x00000000      0x122 sevensegement.o
 .debug_str     0x00000000     0x3661 sevensegement.o
 .comment       0x00000000       0x31 sevensegement.o
 .debug_frame   0x00000000       0x5c sevensegement.o
 .group         0x00000000        0x8 softwaredelay.o
 .group         0x00000000        0x8 softwaredelay.o
 .text          0x00000000        0x0 softwaredelay.o
 .data          0x00000000        0x0 softwaredelay.o
 .bss           0x00000000        0x0 softwaredelay.o
 .text.softwareDelayUS
                0x00000000       0x34 softwaredelay.o
 .debug_macro   0x00000000      0xa4e softwaredelay.o
 .debug_macro   0x00000000       0x2e softwaredelay.o
 .group         0x00000000        0x8 Spi.o
 .group         0x00000000        0x8 Spi.o
 .group         0x00000000        0x8 Spi.o
 .group         0x00000000        0x8 Spi.o
 .group         0x00000000        0x8 Spi.o
 .text          0x00000000        0x0 Spi.o
 .data          0x00000000        0x0 Spi.o
 .bss           0x00000000        0x0 Spi.o
 .debug_macro   0x00000000      0xa4e Spi.o
 .debug_macro   0x00000000       0x2e Spi.o
 .debug_macro   0x00000000      0x1e9 Spi.o
 .debug_macro   0x00000000       0x2e Spi.o
 .group         0x00000000        0x8 spirecivier.o
 .group         0x00000000        0x8 spirecivier.o
 .group         0x00000000        0x8 spirecivier.o
 .group         0x00000000        0x8 spirecivier.o
 .group         0x00000000        0x8 spirecivier.o
 .group         0x00000000        0x8 spirecivier.o
 .text          0x00000000        0x0 spirecivier.o
 .data          0x00000000        0x0 spirecivier.o
 .bss           0x00000000        0x0 spirecivier.o
 .text.spi_reciver
                0x00000000       0x98 spirecivier.o
 .debug_info    0x00000000      0x3ef spirecivier.o
 .debug_abbrev  0x00000000       0xe5 spirecivier.o
 .debug_loc     0x00000000       0x71 spirecivier.o
 .debug_aranges
                0x00000000       0x20 spirecivier.o
 .debug_ranges  0x00000000       0x10 spirecivier.o
 .debug_macro   0x00000000       0x68 spirecivier.o
 .debug_macro   0x00000000      0xa4e spirecivier.o
 .debug_macro   0x00000000       0x2e spirecivier.o
 .debug_macro   0x00000000      0x1e9 spirecivier.o
 .debug_macro   0x00000000       0x2e spirecivier.o
 .debug_macro   0x00000000       0x34 spirecivier.o
 .debug_macro   0x00000000       0x3a spirecivier.o
 .debug_line    0x00000000      0x14f spirecivier.o
 .debug_str     0x00000000     0x395d spirecivier.o
 .comment       0x00000000       0x31 spirecivier.o
 .debug_frame   0x00000000       0x34 spirecivier.o
 .group         0x00000000        0x8 spitransmitter.o
 .group         0x00000000        0x8 spitransmitter.o
 .group         0x00000000        0x8 spitransmitter.o
 .group         0x00000000        0x8 spitransmitter.o
 .group         0x00000000        0x8 spitransmitter.o
 .text          0x00000000        0x0 spitransmitter.o
 .data          0x00000000        0x0 spitransmitter.o
 .bss           0x00000000        0x0 spitransmitter.o
 .text.spi_transimtter
                0x00000000       0x54 spitransmitter.o
 .debug_info    0x00000000      0x2f3 spitransmitter.o
 .debug_abbrev  0x00000000       0xd6 spitransmitter.o
 .debug_loc     0x00000000       0x47 spitransmitter.o
 .debug_aranges
                0x00000000       0x20 spitransmitter.o
 .debug_ranges  0x00000000       0x10 spitransmitter.o
 .debug_macro   0x00000000       0x55 spitransmitter.o
 .debug_macro   0x00000000      0xa4e spitransmitter.o
 .debug_macro   0x00000000       0x2e spitransmitter.o
 .debug_macro   0x00000000      0x1e9 spitransmitter.o
 .debug_macro   0x00000000       0x2e spitransmitter.o
 .debug_macro   0x00000000       0x34 spitransmitter.o
 .debug_line    0x00000000       0xe6 spitransmitter.o
 .debug_str     0x00000000     0x382b spitransmitter.o
 .comment       0x00000000       0x31 spitransmitter.o
 .debug_frame   0x00000000       0x34 spitransmitter.o
 .group         0x00000000        0x8 timers.o
 .group         0x00000000        0x8 timers.o
 .group         0x00000000        0x8 timers.o
 .group         0x00000000        0x8 timers.o
 .group         0x00000000        0x8 timers.o
 .group         0x00000000        0x8 timers.o
 .text          0x00000000        0x0 timers.o
 .data          0x00000000        0x0 timers.o
 .bss           0x00000000        0x0 timers.o
 .text.timer0Set
                0x00000000        0x4 timers.o
 .text.timer0Read
                0x00000000        0x4 timers.o
 .text.timer0Start
                0x00000000        0x6 timers.o
 .text.timer0DelayMs
                0x00000000       0x2c timers.o
 .text.timer0DelayMs_with_interrupt
                0x00000000       0x10 timers.o
 .text.timer0DelayUs
                0x00000000       0x38 timers.o
 .text.timer0HwPWM_Fast
                0x00000000       0x4c timers.o
 .text.timer0HwPWM_PhaseCorrect
                0x00000000       0x4c timers.o
 .text.timer0SwPWM
                0x00000000       0x7a timers.o
 .text.timer1Init
                0x00000000       0x56 timers.o
 .text.timer1Set
                0x00000000        0x6 timers.o
 .text.timer1Read
                0x00000000        0x6 timers.o
 .text.timer1Start
                0x00000000        0x6 timers.o
 .text.timer1Stop
                0x00000000        0x4 timers.o
 .text.timer1DelayMs
                0x00000000       0x36 timers.o
 .text.timer1DelayUs
                0x00000000       0x3e timers.o
 .text.timer1HwPWM_Fast
                0x00000000       0x9a timers.o
 .text.timer1HwPWM_PhaseCorrect
                0x00000000       0x9a timers.o
 .debug_macro   0x00000000      0xa4e timers.o
 .debug_macro   0x00000000       0x2e timers.o
 .debug_macro   0x00000000      0x1e9 timers.o
 .debug_macro   0x00000000       0x2e timers.o
 .debug_macro   0x00000000       0x28 timers.o
 .debug_macro   0x00000000      0x151 timers.o
 COMMON         0x00000000        0x1 timers.o
 .group         0x00000000        0x8 UART.o
 .group         0x00000000        0x8 UART.o
 .group         0x00000000        0x8 UART.o
 .group         0x00000000        0x8 UART.o
 .group         0x00000000        0x8 UART.o
 .group         0x00000000        0x8 UART.o
 .text          0x00000000        0x0 UART.o
 .data          0x00000000        0x0 UART.o
 .bss           0x00000000        0x0 UART.o
 .text.UART_recieveByte
                0x00000000        0x8 UART.o
 .text.UART_sendString
                0x00000000       0x2c UART.o
 .text.UART_receiveString
                0x00000000       0x42 UART.o
 .text.UART_set_UDR
                0x00000000        0x8 UART.o
 .bss.g_UART_sender_CallBackPtr
                0x00000000        0x2 UART.o
 .bss.g8_udr_data
                0x00000000        0x1 UART.o
 .bss.g_UART_receiver_CallBackPtr
                0x00000000        0x2 UART.o
 .debug_macro   0x00000000      0xa4e UART.o
 .debug_macro   0x00000000       0x2e UART.o
 .debug_macro   0x00000000       0x28 UART.o
 .debug_macro   0x00000000      0x1ef UART.o
 .debug_macro   0x00000000       0x2e UART.o
 .debug_macro   0x00000000       0x94 UART.o
 .group         0x00000000        0x8 UART_Receiver.o
 .group         0x00000000        0x8 UART_Receiver.o
 .group         0x00000000        0x8 UART_Receiver.o
 .group         0x00000000        0x8 UART_Receiver.o
 .group         0x00000000        0x8 UART_Receiver.o
 .group         0x00000000        0x8 UART_Receiver.o
 .text          0x00000000        0x0 UART_Receiver.o
 .data          0x00000000        0x0 UART_Receiver.o
 .bss           0x00000000        0x0 UART_Receiver.o
 .text.UART_Receiver_func
                0x00000000       0x68 UART_Receiver.o
 .text.UART_Receiver_with_interrupt_func
                0x00000000       0x68 UART_Receiver.o
 .debug_info    0x00000000      0x5da UART_Receiver.o
 .debug_abbrev  0x00000000      0x118 UART_Receiver.o
 .debug_loc     0x00000000       0xcc UART_Receiver.o
 .debug_aranges
                0x00000000       0x28 UART_Receiver.o
 .debug_ranges  0x00000000       0x18 UART_Receiver.o
 .debug_macro   0x00000000       0x5e UART_Receiver.o
 .debug_macro   0x00000000      0xa4e UART_Receiver.o
 .debug_macro   0x00000000       0x2e UART_Receiver.o
 .debug_macro   0x00000000      0x1ef UART_Receiver.o
 .debug_macro   0x00000000       0x28 UART_Receiver.o
 .debug_macro   0x00000000       0x28 UART_Receiver.o
 .debug_macro   0x00000000       0x94 UART_Receiver.o
 .debug_line    0x00000000      0x17d UART_Receiver.o
 .debug_str     0x00000000     0x3d2a UART_Receiver.o
 .comment       0x00000000       0x31 UART_Receiver.o
 .debug_frame   0x00000000       0x54 UART_Receiver.o
 .group         0x00000000        0x8 UART_Sender.o
 .group         0x00000000        0x8 UART_Sender.o
 .group         0x00000000        0x8 UART_Sender.o
 .group         0x00000000        0x8 UART_Sender.o
 .group         0x00000000        0x8 UART_Sender.o
 .group         0x00000000        0x8 UART_Sender.o
 .text          0x00000000        0x0 UART_Sender.o
 .data          0x00000000        0x0 UART_Sender.o
 .bss           0x00000000        0x0 UART_Sender.o
 .text.UART_Sender_func
                0x00000000       0x6c UART_Sender.o
 .text.UART_Sender_with_interrupt_func
                0x00000000       0x7e UART_Sender.o
 .text.UART_setCallBack
                0x00000000        0xa UART_Sender.o
 .debug_info    0x00000000      0x604 UART_Sender.o
 .debug_abbrev  0x00000000      0x183 UART_Sender.o
 .debug_loc     0x00000000       0xb9 UART_Sender.o
 .debug_aranges
                0x00000000       0x30 UART_Sender.o
 .debug_ranges  0x00000000       0x20 UART_Sender.o
 .debug_macro   0x00000000       0x5e UART_Sender.o
 .debug_macro   0x00000000      0xa4e UART_Sender.o
 .debug_macro   0x00000000       0x2e UART_Sender.o
 .debug_macro   0x00000000      0x1ef UART_Sender.o
 .debug_macro   0x00000000       0x28 UART_Sender.o
 .debug_macro   0x00000000       0x28 UART_Sender.o
 .debug_macro   0x00000000       0x94 UART_Sender.o
 .debug_line    0x00000000      0x19c UART_Sender.o
 .debug_str     0x00000000     0x3d3c UART_Sender.o
 .comment       0x00000000       0x31 UART_Sender.o
 .debug_frame   0x00000000       0x64 UART_Sender.o
 .group         0x00000000        0x8 UART_SPI_ApplicationMicro1.o
 .group         0x00000000        0x8 UART_SPI_ApplicationMicro1.o
 .group         0x00000000        0x8 UART_SPI_ApplicationMicro1.o
 .group         0x00000000        0x8 UART_SPI_ApplicationMicro1.o
 .group         0x00000000        0x8 UART_SPI_ApplicationMicro1.o
 .group         0x00000000        0x8 UART_SPI_ApplicationMicro1.o
 .group         0x00000000        0x8 UART_SPI_ApplicationMicro1.o
 .group         0x00000000        0x8 UART_SPI_ApplicationMicro1.o
 .group         0x00000000        0x8 UART_SPI_ApplicationMicro1.o
 .group         0x00000000        0x8 UART_SPI_ApplicationMicro1.o
 .group         0x00000000        0x8 UART_SPI_ApplicationMicro1.o
 .text          0x00000000        0x0 UART_SPI_ApplicationMicro1.o
 .data          0x00000000        0x0 UART_SPI_ApplicationMicro1.o
 .bss           0x00000000        0x0 UART_SPI_ApplicationMicro1.o
 .text.Micro_OneApplication
                0x00000000       0xb8 UART_SPI_ApplicationMicro1.o
 .debug_macro   0x00000000      0xa4e UART_SPI_ApplicationMicro1.o
 .debug_macro   0x00000000       0x2e UART_SPI_ApplicationMicro1.o
 .debug_macro   0x00000000       0x28 UART_SPI_ApplicationMicro1.o
 .debug_macro   0x00000000      0x1ef UART_SPI_ApplicationMicro1.o
 .debug_macro   0x00000000       0x2e UART_SPI_ApplicationMicro1.o
 .debug_macro   0x00000000       0x94 UART_SPI_ApplicationMicro1.o
 .debug_macro   0x00000000       0x3a UART_SPI_ApplicationMicro1.o
 .debug_macro   0x00000000       0x40 UART_SPI_ApplicationMicro1.o
 .debug_macro   0x00000000       0x40 UART_SPI_ApplicationMicro1.o
 .debug_macro   0x00000000      0x157 UART_SPI_ApplicationMicro1.o
 .debug_macro   0x00000000      0x118 UART_SPI_ApplicationMicro1.o
 .group         0x00000000        0x8 UART_SPI_ApplicationMicro2.o
 .group         0x00000000        0x8 UART_SPI_ApplicationMicro2.o
 .group         0x00000000        0x8 UART_SPI_ApplicationMicro2.o
 .group         0x00000000        0x8 UART_SPI_ApplicationMicro2.o
 .group         0x00000000        0x8 UART_SPI_ApplicationMicro2.o
 .group         0x00000000        0x8 UART_SPI_ApplicationMicro2.o
 .group         0x00000000        0x8 UART_SPI_ApplicationMicro2.o
 .group         0x00000000        0x8 UART_SPI_ApplicationMicro2.o
 .group         0x00000000        0x8 UART_SPI_ApplicationMicro2.o
 .group         0x00000000        0x8 UART_SPI_ApplicationMicro2.o
 .group         0x00000000        0x8 UART_SPI_ApplicationMicro2.o
 .group         0x00000000        0x8 UART_SPI_ApplicationMicro2.o
 .group         0x00000000        0x8 UART_SPI_ApplicationMicro2.o
 .group         0x00000000        0x8 UART_SPI_ApplicationMicro2.o
 .group         0x00000000        0x8 UART_SPI_ApplicationMicro2.o
 .group         0x00000000        0x8 UART_SPI_ApplicationMicro2.o
 .group         0x00000000        0x8 UART_SPI_ApplicationMicro2.o
 .group         0x00000000        0x8 UART_SPI_ApplicationMicro2.o
 .group         0x00000000        0x8 UART_SPI_ApplicationMicro2.o
 .group         0x00000000        0x8 UART_SPI_ApplicationMicro2.o
 .group         0x00000000        0x8 UART_SPI_ApplicationMicro2.o
 .group         0x00000000        0x8 UART_SPI_ApplicationMicro2.o
 .group         0x00000000        0x8 UART_SPI_ApplicationMicro2.o
 .group         0x00000000        0x8 UART_SPI_ApplicationMicro2.o
 .group         0x00000000        0x8 UART_SPI_ApplicationMicro2.o
 .group         0x00000000        0x8 UART_SPI_ApplicationMicro2.o
 .group         0x00000000        0x8 UART_SPI_ApplicationMicro2.o
 .group         0x00000000        0x8 UART_SPI_ApplicationMicro2.o
 .group         0x00000000        0x8 UART_SPI_ApplicationMicro2.o
 .group         0x00000000        0x8 UART_SPI_ApplicationMicro2.o
 .group         0x00000000        0x8 UART_SPI_ApplicationMicro2.o
 .group         0x00000000        0x8 UART_SPI_ApplicationMicro2.o
 .group         0x00000000        0x8 UART_SPI_ApplicationMicro2.o
 .text          0x00000000        0x0 UART_SPI_ApplicationMicro2.o
 .data          0x00000000        0x0 UART_SPI_ApplicationMicro2.o
 .bss           0x00000000        0x0 UART_SPI_ApplicationMicro2.o
 .debug_macro   0x00000000      0xa4e UART_SPI_ApplicationMicro2.o
 .debug_macro   0x00000000       0x2e UART_SPI_ApplicationMicro2.o
 .debug_macro   0x00000000       0x28 UART_SPI_ApplicationMicro2.o
 .debug_macro   0x00000000      0x1ef UART_SPI_ApplicationMicro2.o
 .debug_macro   0x00000000       0x2e UART_SPI_ApplicationMicro2.o
 .debug_macro   0x00000000       0x94 UART_SPI_ApplicationMicro2.o
 .debug_macro   0x00000000       0x3a UART_SPI_ApplicationMicro2.o
 .debug_macro   0x00000000      0x64b UART_SPI_ApplicationMicro2.o
 .debug_macro   0x00000000       0x10 UART_SPI_ApplicationMicro2.o
 .debug_macro   0x00000000      0x1c9 UART_SPI_ApplicationMicro2.o
 .debug_macro   0x00000000      0x2fc UART_SPI_ApplicationMicro2.o
 .debug_macro   0x00000000       0x9e UART_SPI_ApplicationMicro2.o
 .debug_macro   0x00000000      0xc24 UART_SPI_ApplicationMicro2.o
 .debug_macro   0x00000000      0x170 UART_SPI_ApplicationMicro2.o
 .debug_macro   0x00000000       0xbd UART_SPI_ApplicationMicro2.o
 .debug_macro   0x00000000       0x34 UART_SPI_ApplicationMicro2.o
 .debug_macro   0x00000000       0x18 UART_SPI_ApplicationMicro2.o
 .debug_macro   0x00000000       0x6c UART_SPI_ApplicationMicro2.o
 .debug_macro   0x00000000       0x22 UART_SPI_ApplicationMicro2.o
 .debug_macro   0x00000000      0x16d UART_SPI_ApplicationMicro2.o
 .debug_macro   0x00000000       0x1c UART_SPI_ApplicationMicro2.o
 .debug_macro   0x00000000       0x35 UART_SPI_ApplicationMicro2.o
 .debug_macro   0x00000000       0x66 UART_SPI_ApplicationMicro2.o
 .debug_macro   0x00000000       0x44 UART_SPI_ApplicationMicro2.o
 .debug_macro   0x00000000       0x10 UART_SPI_ApplicationMicro2.o
 .debug_macro   0x00000000       0xe2 UART_SPI_ApplicationMicro2.o
 .debug_macro   0x00000000       0x40 UART_SPI_ApplicationMicro2.o
 .debug_macro   0x00000000      0x100 UART_SPI_ApplicationMicro2.o
 .debug_macro   0x00000000       0x69 UART_SPI_ApplicationMicro2.o
 .debug_macro   0x00000000       0x2c UART_SPI_ApplicationMicro2.o
 .debug_macro   0x00000000      0x157 UART_SPI_ApplicationMicro2.o
 .debug_macro   0x00000000       0x40 UART_SPI_ApplicationMicro2.o
 .debug_macro   0x00000000       0x40 UART_SPI_ApplicationMicro2.o
 .group         0x00000000        0x8 src/ASF/mega/boards/stk600/rcx_x/init.o
 .group         0x00000000        0x8 src/ASF/mega/boards/stk600/rcx_x/init.o
 .group         0x00000000        0x8 src/ASF/mega/boards/stk600/rcx_x/init.o
 .group         0x00000000        0x8 src/ASF/mega/boards/stk600/rcx_x/init.o
 .group         0x00000000        0x8 src/ASF/mega/boards/stk600/rcx_x/init.o
 .group         0x00000000        0x8 src/ASF/mega/boards/stk600/rcx_x/init.o
 .group         0x00000000        0x8 src/ASF/mega/boards/stk600/rcx_x/init.o
 .group         0x00000000        0x8 src/ASF/mega/boards/stk600/rcx_x/init.o
 .group         0x00000000        0x8 src/ASF/mega/boards/stk600/rcx_x/init.o
 .group         0x00000000        0x8 src/ASF/mega/boards/stk600/rcx_x/init.o
 .group         0x00000000        0x8 src/ASF/mega/boards/stk600/rcx_x/init.o
 .group         0x00000000        0x8 src/ASF/mega/boards/stk600/rcx_x/init.o
 .group         0x00000000        0x8 src/ASF/mega/boards/stk600/rcx_x/init.o
 .group         0x00000000        0x8 src/ASF/mega/boards/stk600/rcx_x/init.o
 .group         0x00000000        0x8 src/ASF/mega/boards/stk600/rcx_x/init.o
 .group         0x00000000        0x8 src/ASF/mega/boards/stk600/rcx_x/init.o
 .group         0x00000000        0x8 src/ASF/mega/boards/stk600/rcx_x/init.o
 .group         0x00000000        0x8 src/ASF/mega/boards/stk600/rcx_x/init.o
 .group         0x00000000        0x8 src/ASF/mega/boards/stk600/rcx_x/init.o
 .group         0x00000000        0x8 src/ASF/mega/boards/stk600/rcx_x/init.o
 .group         0x00000000        0x8 src/ASF/mega/boards/stk600/rcx_x/init.o
 .group         0x00000000        0x8 src/ASF/mega/boards/stk600/rcx_x/init.o
 .group         0x00000000        0x8 src/ASF/mega/boards/stk600/rcx_x/init.o
 .group         0x00000000        0x8 src/ASF/mega/boards/stk600/rcx_x/init.o
 .group         0x00000000        0x8 src/ASF/mega/boards/stk600/rcx_x/init.o
 .text          0x00000000        0x0 src/ASF/mega/boards/stk600/rcx_x/init.o
 .data          0x00000000        0x0 src/ASF/mega/boards/stk600/rcx_x/init.o
 .bss           0x00000000        0x0 src/ASF/mega/boards/stk600/rcx_x/init.o
 .text.board_init
                0x00000000        0x2 src/ASF/mega/boards/stk600/rcx_x/init.o
 .debug_info    0x00000000       0x7c src/ASF/mega/boards/stk600/rcx_x/init.o
 .debug_abbrev  0x00000000       0x47 src/ASF/mega/boards/stk600/rcx_x/init.o
 .debug_aranges
                0x00000000       0x20 src/ASF/mega/boards/stk600/rcx_x/init.o
 .debug_ranges  0x00000000       0x10 src/ASF/mega/boards/stk600/rcx_x/init.o
 .debug_macro   0x00000000      0x134 src/ASF/mega/boards/stk600/rcx_x/init.o
 .debug_macro   0x00000000      0xa4e src/ASF/mega/boards/stk600/rcx_x/init.o
 .debug_macro   0x00000000       0x10 src/ASF/mega/boards/stk600/rcx_x/init.o
 .debug_macro   0x00000000      0x1c9 src/ASF/mega/boards/stk600/rcx_x/init.o
 .debug_macro   0x00000000      0x2fc src/ASF/mega/boards/stk600/rcx_x/init.o
 .debug_macro   0x00000000       0x9e src/ASF/mega/boards/stk600/rcx_x/init.o
 .debug_macro   0x00000000      0xc24 src/ASF/mega/boards/stk600/rcx_x/init.o
 .debug_macro   0x00000000      0x170 src/ASF/mega/boards/stk600/rcx_x/init.o
 .debug_macro   0x00000000       0xbd src/ASF/mega/boards/stk600/rcx_x/init.o
 .debug_macro   0x00000000       0x34 src/ASF/mega/boards/stk600/rcx_x/init.o
 .debug_macro   0x00000000       0x18 src/ASF/mega/boards/stk600/rcx_x/init.o
 .debug_macro   0x00000000       0x6c src/ASF/mega/boards/stk600/rcx_x/init.o
 .debug_macro   0x00000000       0x22 src/ASF/mega/boards/stk600/rcx_x/init.o
 .debug_macro   0x00000000      0x16d src/ASF/mega/boards/stk600/rcx_x/init.o
 .debug_macro   0x00000000       0x1c src/ASF/mega/boards/stk600/rcx_x/init.o
 .debug_macro   0x00000000       0x35 src/ASF/mega/boards/stk600/rcx_x/init.o
 .debug_macro   0x00000000       0x66 src/ASF/mega/boards/stk600/rcx_x/init.o
 .debug_macro   0x00000000      0x64b src/ASF/mega/boards/stk600/rcx_x/init.o
 .debug_macro   0x00000000       0x44 src/ASF/mega/boards/stk600/rcx_x/init.o
 .debug_macro   0x00000000       0x69 src/ASF/mega/boards/stk600/rcx_x/init.o
 .debug_macro   0x00000000       0x2c src/ASF/mega/boards/stk600/rcx_x/init.o
 .debug_macro   0x00000000       0x10 src/ASF/mega/boards/stk600/rcx_x/init.o
 .debug_macro   0x00000000       0xe2 src/ASF/mega/boards/stk600/rcx_x/init.o
 .debug_macro   0x00000000       0x40 src/ASF/mega/boards/stk600/rcx_x/init.o
 .debug_macro   0x00000000      0x100 src/ASF/mega/boards/stk600/rcx_x/init.o
 .debug_macro   0x00000000      0x2c0 src/ASF/mega/boards/stk600/rcx_x/init.o
 .debug_line    0x00000000      0x35e src/ASF/mega/boards/stk600/rcx_x/init.o
 .debug_str     0x00000000     0xe7c7 src/ASF/mega/boards/stk600/rcx_x/init.o
 .comment       0x00000000       0x31 src/ASF/mega/boards/stk600/rcx_x/init.o
 .debug_frame   0x00000000       0x24 src/ASF/mega/boards/stk600/rcx_x/init.o
 .text          0x00000000        0x0 c:/program files (x86)/atmel/studio/7.0/toolchain/avr8/avr8-gnu-toolchain/bin/../lib/gcc/avr/5.4.0/../../../../avr/lib/avr5\libm.a(addsf3.o)
 .data          0x00000000        0x0 c:/program files (x86)/atmel/studio/7.0/toolchain/avr8/avr8-gnu-toolchain/bin/../lib/gcc/avr/5.4.0/../../../../avr/lib/avr5\libm.a(addsf3.o)
 .bss           0x00000000        0x0 c:/program files (x86)/atmel/studio/7.0/toolchain/avr8/avr8-gnu-toolchain/bin/../lib/gcc/avr/5.4.0/../../../../avr/lib/avr5\libm.a(addsf3.o)
 .text.avr-libc.fplib
                0x00000000        0xe c:/program files (x86)/atmel/studio/7.0/toolchain/avr8/avr8-gnu-toolchain/bin/../lib/gcc/avr/5.4.0/../../../../avr/lib/avr5\libm.a(addsf3.o)
 .text          0x00000000        0x0 c:/program files (x86)/atmel/studio/7.0/toolchain/avr8/avr8-gnu-toolchain/bin/../lib/gcc/avr/5.4.0/../../../../avr/lib/avr5\libm.a(addsf3x.o)
 .data          0x00000000        0x0 c:/program files (x86)/atmel/studio/7.0/toolchain/avr8/avr8-gnu-toolchain/bin/../lib/gcc/avr/5.4.0/../../../../avr/lib/avr5\libm.a(addsf3x.o)
 .bss           0x00000000        0x0 c:/program files (x86)/atmel/studio/7.0/toolchain/avr8/avr8-gnu-toolchain/bin/../lib/gcc/avr/5.4.0/../../../../avr/lib/avr5\libm.a(addsf3x.o)
 .text.avr-libc.fplib
                0x00000000       0xcc c:/program files (x86)/atmel/studio/7.0/toolchain/avr8/avr8-gnu-toolchain/bin/../lib/gcc/avr/5.4.0/../../../../avr/lib/avr5\libm.a(addsf3x.o)
 .text          0x00000000        0x0 c:/program files (x86)/atmel/studio/7.0/toolchain/avr8/avr8-gnu-toolchain/bin/../lib/gcc/avr/5.4.0/../../../../avr/lib/avr5\libm.a(fixunssfsi.o)
 .data          0x00000000        0x0 c:/program files (x86)/atmel/studio/7.0/toolchain/avr8/avr8-gnu-toolchain/bin/../lib/gcc/avr/5.4.0/../../../../avr/lib/avr5\libm.a(fixunssfsi.o)
 .bss           0x00000000        0x0 c:/program files (x86)/atmel/studio/7.0/toolchain/avr8/avr8-gnu-toolchain/bin/../lib/gcc/avr/5.4.0/../../../../avr/lib/avr5\libm.a(fixunssfsi.o)
 .text.avr-libc.fplib
                0x00000000       0x5e c:/program files (x86)/atmel/studio/7.0/toolchain/avr8/avr8-gnu-toolchain/bin/../lib/gcc/avr/5.4.0/../../../../avr/lib/avr5\libm.a(fixunssfsi.o)
 .text          0x00000000        0x0 c:/program files (x86)/atmel/studio/7.0/toolchain/avr8/avr8-gnu-toolchain/bin/../lib/gcc/avr/5.4.0/../../../../avr/lib/avr5\libm.a(floatsisf.o)
 .data          0x00000000        0x0 c:/program files (x86)/atmel/studio/7.0/toolchain/avr8/avr8-gnu-toolchain/bin/../lib/gcc/avr/5.4.0/../../../../avr/lib/avr5\libm.a(floatsisf.o)
 .bss           0x00000000        0x0 c:/program files (x86)/atmel/studio/7.0/toolchain/avr8/avr8-gnu-toolchain/bin/../lib/gcc/avr/5.4.0/../../../../avr/lib/avr5\libm.a(floatsisf.o)
 .text.avr-libc.fplib
                0x00000000       0x7a c:/program files (x86)/atmel/studio/7.0/toolchain/avr8/avr8-gnu-toolchain/bin/../lib/gcc/avr/5.4.0/../../../../avr/lib/avr5\libm.a(floatsisf.o)
 .text          0x00000000        0x0 c:/program files (x86)/atmel/studio/7.0/toolchain/avr8/avr8-gnu-toolchain/bin/../lib/gcc/avr/5.4.0/../../../../avr/lib/avr5\libm.a(fp_inf.o)
 .data          0x00000000        0x0 c:/program files (x86)/atmel/studio/7.0/toolchain/avr8/avr8-gnu-toolchain/bin/../lib/gcc/avr/5.4.0/../../../../avr/lib/avr5\libm.a(fp_inf.o)
 .bss           0x00000000        0x0 c:/program files (x86)/atmel/studio/7.0/toolchain/avr8/avr8-gnu-toolchain/bin/../lib/gcc/avr/5.4.0/../../../../avr/lib/avr5\libm.a(fp_inf.o)
 .text.avr-libc.fplib
                0x00000000        0xc c:/program files (x86)/atmel/studio/7.0/toolchain/avr8/avr8-gnu-toolchain/bin/../lib/gcc/avr/5.4.0/../../../../avr/lib/avr5\libm.a(fp_inf.o)
 .text          0x00000000        0x0 c:/program files (x86)/atmel/studio/7.0/toolchain/avr8/avr8-gnu-toolchain/bin/../lib/gcc/avr/5.4.0/../../../../avr/lib/avr5\libm.a(fp_nan.o)
 .data          0x00000000        0x0 c:/program files (x86)/atmel/studio/7.0/toolchain/avr8/avr8-gnu-toolchain/bin/../lib/gcc/avr/5.4.0/../../../../avr/lib/avr5\libm.a(fp_nan.o)
 .bss           0x00000000        0x0 c:/program files (x86)/atmel/studio/7.0/toolchain/avr8/avr8-gnu-toolchain/bin/../lib/gcc/avr/5.4.0/../../../../avr/lib/avr5\libm.a(fp_nan.o)
 .text.avr-libc.fplib
                0x00000000        0x6 c:/program files (x86)/atmel/studio/7.0/toolchain/avr8/avr8-gnu-toolchain/bin/../lib/gcc/avr/5.4.0/../../../../avr/lib/avr5\libm.a(fp_nan.o)
 .text          0x00000000        0x0 c:/program files (x86)/atmel/studio/7.0/toolchain/avr8/avr8-gnu-toolchain/bin/../lib/gcc/avr/5.4.0/../../../../avr/lib/avr5\libm.a(fp_pscA.o)
 .data          0x00000000        0x0 c:/program files (x86)/atmel/studio/7.0/toolchain/avr8/avr8-gnu-toolchain/bin/../lib/gcc/avr/5.4.0/../../../../avr/lib/avr5\libm.a(fp_pscA.o)
 .bss           0x00000000        0x0 c:/program files (x86)/atmel/studio/7.0/toolchain/avr8/avr8-gnu-toolchain/bin/../lib/gcc/avr/5.4.0/../../../../avr/lib/avr5\libm.a(fp_pscA.o)
 .text.avr-libc.fplib
                0x00000000        0xe c:/program files (x86)/atmel/studio/7.0/toolchain/avr8/avr8-gnu-toolchain/bin/../lib/gcc/avr/5.4.0/../../../../avr/lib/avr5\libm.a(fp_pscA.o)
 .text          0x00000000        0x0 c:/program files (x86)/atmel/studio/7.0/toolchain/avr8/avr8-gnu-toolchain/bin/../lib/gcc/avr/5.4.0/../../../../avr/lib/avr5\libm.a(fp_pscB.o)
 .data          0x00000000        0x0 c:/program files (x86)/atmel/studio/7.0/toolchain/avr8/avr8-gnu-toolchain/bin/../lib/gcc/avr/5.4.0/../../../../avr/lib/avr5\libm.a(fp_pscB.o)
 .bss           0x00000000        0x0 c:/program files (x86)/atmel/studio/7.0/toolchain/avr8/avr8-gnu-toolchain/bin/../lib/gcc/avr/5.4.0/../../../../avr/lib/avr5\libm.a(fp_pscB.o)
 .text.avr-libc.fplib
                0x00000000        0xe c:/program files (x86)/atmel/studio/7.0/toolchain/avr8/avr8-gnu-toolchain/bin/../lib/gcc/avr/5.4.0/../../../../avr/lib/avr5\libm.a(fp_pscB.o)
 .text          0x00000000        0x0 c:/program files (x86)/atmel/studio/7.0/toolchain/avr8/avr8-gnu-toolchain/bin/../lib/gcc/avr/5.4.0/../../../../avr/lib/avr5\libm.a(fp_round.o)
 .data          0x00000000        0x0 c:/program files (x86)/atmel/studio/7.0/toolchain/avr8/avr8-gnu-toolchain/bin/../lib/gcc/avr/5.4.0/../../../../avr/lib/avr5\libm.a(fp_round.o)
 .bss           0x00000000        0x0 c:/program files (x86)/atmel/studio/7.0/toolchain/avr8/avr8-gnu-toolchain/bin/../lib/gcc/avr/5.4.0/../../../../avr/lib/avr5\libm.a(fp_round.o)
 .text.avr-libc.fplib
                0x00000000       0x22 c:/program files (x86)/atmel/studio/7.0/toolchain/avr8/avr8-gnu-toolchain/bin/../lib/gcc/avr/5.4.0/../../../../avr/lib/avr5\libm.a(fp_round.o)
 .text          0x00000000        0x0 c:/program files (x86)/atmel/studio/7.0/toolchain/avr8/avr8-gnu-toolchain/bin/../lib/gcc/avr/5.4.0/../../../../avr/lib/avr5\libm.a(fp_split3.o)
 .data          0x00000000        0x0 c:/program files (x86)/atmel/studio/7.0/toolchain/avr8/avr8-gnu-toolchain/bin/../lib/gcc/avr/5.4.0/../../../../avr/lib/avr5\libm.a(fp_split3.o)
 .bss           0x00000000        0x0 c:/program files (x86)/atmel/studio/7.0/toolchain/avr8/avr8-gnu-toolchain/bin/../lib/gcc/avr/5.4.0/../../../../avr/lib/avr5\libm.a(fp_split3.o)
 .text.avr-libc.fplib
                0x00000000       0x44 c:/program files (x86)/atmel/studio/7.0/toolchain/avr8/avr8-gnu-toolchain/bin/../lib/gcc/avr/5.4.0/../../../../avr/lib/avr5\libm.a(fp_split3.o)
 .text          0x00000000        0x0 c:/program files (x86)/atmel/studio/7.0/toolchain/avr8/avr8-gnu-toolchain/bin/../lib/gcc/avr/5.4.0/../../../../avr/lib/avr5\libm.a(fp_zero.o)
 .data          0x00000000        0x0 c:/program files (x86)/atmel/studio/7.0/toolchain/avr8/avr8-gnu-toolchain/bin/../lib/gcc/avr/5.4.0/../../../../avr/lib/avr5\libm.a(fp_zero.o)
 .bss           0x00000000        0x0 c:/program files (x86)/atmel/studio/7.0/toolchain/avr8/avr8-gnu-toolchain/bin/../lib/gcc/avr/5.4.0/../../../../avr/lib/avr5\libm.a(fp_zero.o)
 .text.avr-libc.fplib
                0x00000000        0xe c:/program files (x86)/atmel/studio/7.0/toolchain/avr8/avr8-gnu-toolchain/bin/../lib/gcc/avr/5.4.0/../../../../avr/lib/avr5\libm.a(fp_zero.o)
 .text          0x00000000        0x0 c:/program files (x86)/atmel/studio/7.0/toolchain/avr8/avr8-gnu-toolchain/bin/../lib/gcc/avr/5.4.0/../../../../avr/lib/avr5\libm.a(mulsf3.o)
 .data          0x00000000        0x0 c:/program files (x86)/atmel/studio/7.0/toolchain/avr8/avr8-gnu-toolchain/bin/../lib/gcc/avr/5.4.0/../../../../avr/lib/avr5\libm.a(mulsf3.o)
 .bss           0x00000000        0x0 c:/program files (x86)/atmel/studio/7.0/toolchain/avr8/avr8-gnu-toolchain/bin/../lib/gcc/avr/5.4.0/../../../../avr/lib/avr5\libm.a(mulsf3.o)
 .text.avr-libc.fplib
                0x00000000        0x8 c:/program files (x86)/atmel/studio/7.0/toolchain/avr8/avr8-gnu-toolchain/bin/../lib/gcc/avr/5.4.0/../../../../avr/lib/avr5\libm.a(mulsf3.o)
 .text          0x00000000        0x0 c:/program files (x86)/atmel/studio/7.0/toolchain/avr8/avr8-gnu-toolchain/bin/../lib/gcc/avr/5.4.0/../../../../avr/lib/avr5\libm.a(mulsf3x.o)
 .data          0x00000000        0x0 c:/program files (x86)/atmel/studio/7.0/toolchain/avr8/avr8-gnu-toolchain/bin/../lib/gcc/avr/5.4.0/../../../../avr/lib/avr5\libm.a(mulsf3x.o)
 .bss           0x00000000        0x0 c:/program files (x86)/atmel/studio/7.0/toolchain/avr8/avr8-gnu-toolchain/bin/../lib/gcc/avr/5.4.0/../../../../avr/lib/avr5\libm.a(mulsf3x.o)
 .text.avr-libc.fplib
                0x00000000       0xd2 c:/program files (x86)/atmel/studio/7.0/toolchain/avr8/avr8-gnu-toolchain/bin/../lib/gcc/avr/5.4.0/../../../../avr/lib/avr5\libm.a(mulsf3x.o)
 .text          0x00000000        0x0 c:/program files (x86)/atmel/studio/7.0/toolchain/avr8/avr8-gnu-toolchain/bin/../lib/gcc/avr/5.4.0/avr5\libgcc.a(_divmodhi4.o)
 .data          0x00000000        0x0 c:/program files (x86)/atmel/studio/7.0/toolchain/avr8/avr8-gnu-toolchain/bin/../lib/gcc/avr/5.4.0/avr5\libgcc.a(_divmodhi4.o)
 .bss           0x00000000        0x0 c:/program files (x86)/atmel/studio/7.0/toolchain/avr8/avr8-gnu-toolchain/bin/../lib/gcc/avr/5.4.0/avr5\libgcc.a(_divmodhi4.o)
 .text.libgcc.mul
                0x00000000        0x0 c:/program files (x86)/atmel/studio/7.0/toolchain/avr8/avr8-gnu-toolchain/bin/../lib/gcc/avr/5.4.0/avr5\libgcc.a(_divmodhi4.o)
 .text.libgcc.div
                0x00000000       0x28 c:/program files (x86)/atmel/studio/7.0/toolchain/avr8/avr8-gnu-toolchain/bin/../lib/gcc/avr/5.4.0/avr5\libgcc.a(_divmodhi4.o)
 .text.libgcc   0x00000000        0x0 c:/program files (x86)/atmel/studio/7.0/toolchain/avr8/avr8-gnu-toolchain/bin/../lib/gcc/avr/5.4.0/avr5\libgcc.a(_divmodhi4.o)
 .text.libgcc.prologue
                0x00000000        0x0 c:/program files (x86)/atmel/studio/7.0/toolchain/avr8/avr8-gnu-toolchain/bin/../lib/gcc/avr/5.4.0/avr5\libgcc.a(_divmodhi4.o)
 .text.libgcc.builtins
                0x00000000        0x0 c:/program files (x86)/atmel/studio/7.0/toolchain/avr8/avr8-gnu-toolchain/bin/../lib/gcc/avr/5.4.0/avr5\libgcc.a(_divmodhi4.o)
 .text.libgcc.fmul
                0x00000000        0x0 c:/program files (x86)/atmel/studio/7.0/toolchain/avr8/avr8-gnu-toolchain/bin/../lib/gcc/avr/5.4.0/avr5\libgcc.a(_divmodhi4.o)
 .text.libgcc.fixed
                0x00000000        0x0 c:/program files (x86)/atmel/studio/7.0/toolchain/avr8/avr8-gnu-toolchain/bin/../lib/gcc/avr/5.4.0/avr5\libgcc.a(_divmodhi4.o)
 .text          0x00000000        0x0 c:/program files (x86)/atmel/studio/7.0/toolchain/avr8/avr8-gnu-toolchain/bin/../lib/gcc/avr/5.4.0/avr5\libgcc.a(_exit.o)
 .data          0x00000000        0x0 c:/program files (x86)/atmel/studio/7.0/toolchain/avr8/avr8-gnu-toolchain/bin/../lib/gcc/avr/5.4.0/avr5\libgcc.a(_exit.o)
 .bss           0x00000000        0x0 c:/program files (x86)/atmel/studio/7.0/toolchain/avr8/avr8-gnu-toolchain/bin/../lib/gcc/avr/5.4.0/avr5\libgcc.a(_exit.o)
 .text.libgcc.mul
                0x00000000        0x0 c:/program files (x86)/atmel/studio/7.0/toolchain/avr8/avr8-gnu-toolchain/bin/../lib/gcc/avr/5.4.0/avr5\libgcc.a(_exit.o)
 .text.libgcc.div
                0x00000000        0x0 c:/program files (x86)/atmel/studio/7.0/toolchain/avr8/avr8-gnu-toolchain/bin/../lib/gcc/avr/5.4.0/avr5\libgcc.a(_exit.o)
 .text.libgcc   0x00000000        0x0 c:/program files (x86)/atmel/studio/7.0/toolchain/avr8/avr8-gnu-toolchain/bin/../lib/gcc/avr/5.4.0/avr5\libgcc.a(_exit.o)
 .text.libgcc.prologue
                0x00000000        0x0 c:/program files (x86)/atmel/studio/7.0/toolchain/avr8/avr8-gnu-toolchain/bin/../lib/gcc/avr/5.4.0/avr5\libgcc.a(_exit.o)
 .text.libgcc.builtins
                0x00000000        0x0 c:/program files (x86)/atmel/studio/7.0/toolchain/avr8/avr8-gnu-toolchain/bin/../lib/gcc/avr/5.4.0/avr5\libgcc.a(_exit.o)
 .text.libgcc.fmul
                0x00000000        0x0 c:/program files (x86)/atmel/studio/7.0/toolchain/avr8/avr8-gnu-toolchain/bin/../lib/gcc/avr/5.4.0/avr5\libgcc.a(_exit.o)
 .text.libgcc.fixed
                0x00000000        0x0 c:/program files (x86)/atmel/studio/7.0/toolchain/avr8/avr8-gnu-toolchain/bin/../lib/gcc/avr/5.4.0/avr5\libgcc.a(_exit.o)
 .text          0x00000000        0x0 c:/program files (x86)/atmel/studio/7.0/toolchain/avr8/avr8-gnu-toolchain/bin/../lib/gcc/avr/5.4.0/avr5\libgcc.a(_clear_bss.o)
 .data          0x00000000        0x0 c:/program files (x86)/atmel/studio/7.0/toolchain/avr8/avr8-gnu-toolchain/bin/../lib/gcc/avr/5.4.0/avr5\libgcc.a(_clear_bss.o)
 .bss           0x00000000        0x0 c:/program files (x86)/atmel/studio/7.0/toolchain/avr8/avr8-gnu-toolchain/bin/../lib/gcc/avr/5.4.0/avr5\libgcc.a(_clear_bss.o)
 .text.libgcc.mul
                0x00000000        0x0 c:/program files (x86)/atmel/studio/7.0/toolchain/avr8/avr8-gnu-toolchain/bin/../lib/gcc/avr/5.4.0/avr5\libgcc.a(_clear_bss.o)
 .text.libgcc.div
                0x00000000        0x0 c:/program files (x86)/atmel/studio/7.0/toolchain/avr8/avr8-gnu-toolchain/bin/../lib/gcc/avr/5.4.0/avr5\libgcc.a(_clear_bss.o)
 .text.libgcc   0x00000000        0x0 c:/program files (x86)/atmel/studio/7.0/toolchain/avr8/avr8-gnu-toolchain/bin/../lib/gcc/avr/5.4.0/avr5\libgcc.a(_clear_bss.o)
 .text.libgcc.prologue
                0x00000000        0x0 c:/program files (x86)/atmel/studio/7.0/toolchain/avr8/avr8-gnu-toolchain/bin/../lib/gcc/avr/5.4.0/avr5\libgcc.a(_clear_bss.o)
 .text.libgcc.builtins
                0x00000000        0x0 c:/program files (x86)/atmel/studio/7.0/toolchain/avr8/avr8-gnu-toolchain/bin/../lib/gcc/avr/5.4.0/avr5\libgcc.a(_clear_bss.o)
 .text.libgcc.fmul
                0x00000000        0x0 c:/program files (x86)/atmel/studio/7.0/toolchain/avr8/avr8-gnu-toolchain/bin/../lib/gcc/avr/5.4.0/avr5\libgcc.a(_clear_bss.o)
 .text.libgcc.fixed
                0x00000000        0x0 c:/program files (x86)/atmel/studio/7.0/toolchain/avr8/avr8-gnu-toolchain/bin/../lib/gcc/avr/5.4.0/avr5\libgcc.a(_clear_bss.o)
 .text          0x00000000        0x0 c:/program files (x86)/atmel/studio/7.0/toolchain/avr8/avr8-gnu-toolchain/bin/../lib/gcc/avr/5.4.0/avr5\libgcc.a(_udivmodhi4.o)
 .data          0x00000000        0x0 c:/program files (x86)/atmel/studio/7.0/toolchain/avr8/avr8-gnu-toolchain/bin/../lib/gcc/avr/5.4.0/avr5\libgcc.a(_udivmodhi4.o)
 .bss           0x00000000        0x0 c:/program files (x86)/atmel/studio/7.0/toolchain/avr8/avr8-gnu-toolchain/bin/../lib/gcc/avr/5.4.0/avr5\libgcc.a(_udivmodhi4.o)
 .text.libgcc.mul
                0x00000000        0x0 c:/program files (x86)/atmel/studio/7.0/toolchain/avr8/avr8-gnu-toolchain/bin/../lib/gcc/avr/5.4.0/avr5\libgcc.a(_udivmodhi4.o)
 .text.libgcc.div
                0x00000000       0x28 c:/program files (x86)/atmel/studio/7.0/toolchain/avr8/avr8-gnu-toolchain/bin/../lib/gcc/avr/5.4.0/avr5\libgcc.a(_udivmodhi4.o)
 .text.libgcc   0x00000000        0x0 c:/program files (x86)/atmel/studio/7.0/toolchain/avr8/avr8-gnu-toolchain/bin/../lib/gcc/avr/5.4.0/avr5\libgcc.a(_udivmodhi4.o)
 .text.libgcc.prologue
                0x00000000        0x0 c:/program files (x86)/atmel/studio/7.0/toolchain/avr8/avr8-gnu-toolchain/bin/../lib/gcc/avr/5.4.0/avr5\libgcc.a(_udivmodhi4.o)
 .text.libgcc.builtins
                0x00000000        0x0 c:/program files (x86)/atmel/studio/7.0/toolchain/avr8/avr8-gnu-toolchain/bin/../lib/gcc/avr/5.4.0/avr5\libgcc.a(_udivmodhi4.o)
 .text.libgcc.fmul
                0x00000000        0x0 c:/program files (x86)/atmel/studio/7.0/toolchain/avr8/avr8-gnu-toolchain/bin/../lib/gcc/avr/5.4.0/avr5\libgcc.a(_udivmodhi4.o)
 .text.libgcc.fixed
                0x00000000        0x0 c:/program files (x86)/atmel/studio/7.0/toolchain/avr8/avr8-gnu-toolchain/bin/../lib/gcc/avr/5.4.0/avr5\libgcc.a(_udivmodhi4.o)

Memory Configuration

Name             Origin             Length             Attributes
text             0x00000000         0x00020000         xr
data             0x00800060         0x0000ffa0         rw !x
eeprom           0x00810000         0x00010000         rw !x
fuse             0x00820000         0x00000002         rw !x
lock             0x00830000         0x00000400         rw !x
signature        0x00840000         0x00000400         rw !x
user_signatures  0x00850000         0x00000400         rw !x
*default*        0x00000000         0xffffffff

Linker script and memory map

LOAD C:/Program Files (x86)/Atmel/Studio/7.0/Packs/atmel/ATmega_DFP/1.2.150/gcc/dev/atmega32/avr5/crtatmega32.o
LOAD GPIO.o
LOAD interrupt.o
LOAD ISRs.o
LOAD led.o
LOAD main.o
LOAD pushButton.o
LOAD sevensegement.o
LOAD softwaredelay.o
LOAD Spi.o
LOAD spirecivier.o
LOAD spitransmitter.o
LOAD timers.o
LOAD UART.o
LOAD UART_Receiver.o
LOAD UART_Sender.o
LOAD UART_SPI_ApplicationMicro1.o
LOAD UART_SPI_ApplicationMicro2.o
LOAD src/ASF/mega/boards/stk600/rcx_x/init.o
START GROUP
LOAD c:/program files (x86)/atmel/studio/7.0/toolchain/avr8/avr8-gnu-toolchain/bin/../lib/gcc/avr/5.4.0/../../../../avr/lib/avr5\libm.a
END GROUP
START GROUP
LOAD c:/program files (x86)/atmel/studio/7.0/toolchain/avr8/avr8-gnu-toolchain/bin/../lib/gcc/avr/5.4.0/avr5\libgcc.a
LOAD c:/program files (x86)/atmel/studio/7.0/toolchain/avr8/avr8-gnu-toolchain/bin/../lib/gcc/avr/5.4.0/../../../../avr/lib/avr5\libm.a
LOAD c:/program files (x86)/atmel/studio/7.0/toolchain/avr8/avr8-gnu-toolchain/bin/../lib/gcc/avr/5.4.0/../../../../avr/lib/avr5\libc.a
LOAD C:/Program Files (x86)/Atmel/Studio/7.0/Packs/atmel/ATmega_DFP/1.2.150/gcc/dev/atmega32/avr5\libatmega32.a
END GROUP
                0x00020000                __TEXT_REGION_LENGTH__ = DEFINED (__TEXT_REGION_LENGTH__)?__TEXT_REGION_LENGTH__:0x20000
                0x0000ffa0                __DATA_REGION_LENGTH__ = DEFINED (__DATA_REGION_LENGTH__)?__DATA_REGION_LENGTH__:0xffa0
                0x00010000                __EEPROM_REGION_LENGTH__ = DEFINED (__EEPROM_REGION_LENGTH__)?__EEPROM_REGION_LENGTH__:0x10000
                [0x00000002]                __FUSE_REGION_LENGTH__ = DEFINED (__FUSE_REGION_LENGTH__)?__FUSE_REGION_LENGTH__:0x400
                0x00000400                __LOCK_REGION_LENGTH__ = DEFINED (__LOCK_REGION_LENGTH__)?__LOCK_REGION_LENGTH__:0x400
                0x00000400                __SIGNATURE_REGION_LENGTH__ = DEFINED (__SIGNATURE_REGION_LENGTH__)?__SIGNATURE_REGION_LENGTH__:0x400
                0x00000400                __USER_SIGNATURE_REGION_LENGTH__ = DEFINED (__USER_SIGNATURE_REGION_LENGTH__)?__USER_SIGNATURE_REGION_LENGTH__:0x400

.hash
 *(.hash)

.dynsym
 *(.dynsym)

.dynstr
 *(.dynstr)

.gnu.version
 *(.gnu.version)

.gnu.version_d
 *(.gnu.version_d)

.gnu.version_r
 *(.gnu.version_r)

.rel.init
 *(.rel.init)

.rela.init
 *(.rela.init)

.rel.text
 *(.rel.text)
 *(.rel.text.*)
 *(.rel.gnu.linkonce.t*)

.rela.text
 *(.rela.text)
 *(.rela.text.*)
 *(.rela.gnu.linkonce.t*)

.rel.fini
 *(.rel.fini)

.rela.fini
 *(.rela.fini)

.rel.rodata
 *(.rel.rodata)
 *(.rel.rodata.*)
 *(.rel.gnu.linkonce.r*)

.rela.rodata
 *(.rela.rodata)
 *(.rela.rodata.*)
 *(.rela.gnu.linkonce.r*)

.rel.data
 *(.rel.data)
 *(.rel.data.*)
 *(.rel.gnu.linkonce.d*)

.rela.data
 *(.rela.data)
 *(.rela.data.*)
 *(.rela.gnu.linkonce.d*)

.rel.ctors
 *(.rel.ctors)

.rela.ctors
 *(.rela.ctors)

.rel.dtors
 *(.rel.dtors)

.rela.dtors
 *(.rela.dtors)

.rel.got
 *(.rel.got)

.rela.got
 *(.rela.got)

.rel.bss
 *(.rel.bss)

.rela.bss
 *(.rela.bss)

.rel.plt
 *(.rel.plt)

.rela.plt
 *(.rela.plt)

.text           0x00000000      0x564
 *(.vectors)
 .vectors       0x00000000       0x54 C:/Program Files (x86)/Atmel/Studio/7.0/Packs/atmel/ATmega_DFP/1.2.150/gcc/dev/atmega32/avr5/crtatmega32.o
                0x00000000                __vector_default
                0x00000000                __vectors
 *(.vectors)
 *(.progmem.gcc*)
                0x00000054                . = ALIGN (0x2)
                0x00000054                __trampolines_start = .
 *(.trampolines)
 .trampolines   0x00000054        0x0 linker stubs
 *(.trampolines*)
                0x00000054                __trampolines_end = .
 *libprintf_flt.a:*(.progmem.data)
 *libc.a:*(.progmem.data)
 *(.progmem*)
                0x00000054                . = ALIGN (0x2)
 *(.jumptables)
 *(.jumptables*)
 *(.lowtext)
 *(.lowtext*)
                0x00000054                __ctors_start = .
 *(.ctors)
                0x00000054                __ctors_end = .
                0x00000054                __dtors_start = .
 *(.dtors)
                0x00000054                __dtors_end = .
 SORT(*)(.ctors)
 SORT(*)(.dtors)
 *(.init0)
 .init0         0x00000054        0x0 C:/Program Files (x86)/Atmel/Studio/7.0/Packs/atmel/ATmega_DFP/1.2.150/gcc/dev/atmega32/avr5/crtatmega32.o
                0x00000054                __init
 *(.init0)
 *(.init1)
 *(.init1)
 *(.init2)
 .init2         0x00000054        0xc C:/Program Files (x86)/Atmel/Studio/7.0/Packs/atmel/ATmega_DFP/1.2.150/gcc/dev/atmega32/avr5/crtatmega32.o
 *(.init2)
 *(.init3)
 *(.init3)
 *(.init4)
 .init4         0x00000060       0x10 c:/program files (x86)/atmel/studio/7.0/toolchain/avr8/avr8-gnu-toolchain/bin/../lib/gcc/avr/5.4.0/avr5\libgcc.a(_clear_bss.o)
                0x00000060                __do_clear_bss
 *(.init4)
 *(.init5)
 *(.init5)
 *(.init6)
 *(.init6)
 *(.init7)
 *(.init7)
 *(.init8)
 *(.init8)
 *(.init9)
 .init9         0x00000070        0x4 C:/Program Files (x86)/Atmel/Studio/7.0/Packs/atmel/ATmega_DFP/1.2.150/gcc/dev/atmega32/avr5/crtatmega32.o
 *(.init9)
 *(.text)
 .text          0x00000074        0x2 C:/Program Files (x86)/Atmel/Studio/7.0/Packs/atmel/ATmega_DFP/1.2.150/gcc/dev/atmega32/avr5/crtatmega32.o
                0x00000074                __vector_1
                0x00000074                __vector_12
                0x00000074                __bad_interrupt
                0x00000074                __vector_6
                0x00000074                __vector_11
                0x00000074                __vector_13
                0x00000074                __vector_17
                0x00000074                __vector_19
                0x00000074                __vector_7
                0x00000074                __vector_5
                0x00000074                __vector_4
                0x00000074                __vector_9
                0x00000074                __vector_2
                0x00000074                __vector_15
                0x00000074                __vector_8
                0x00000074                __vector_14
                0x00000074                __vector_16
                0x00000074                __vector_18
                0x00000074                __vector_20
                0x00000076                . = ALIGN (0x2)
 *(.text.*)
 .text.gpioPinDirection
                0x00000076       0x68 GPIO.o
                0x00000076                gpioPinDirection
 .text.gpioPinWrite
                0x000000de       0x50 GPIO.o
                0x000000de                gpioPinWrite
 .text.gpioPinRead
                0x0000012e       0x32 GPIO.o
                0x0000012e                gpioPinRead
 .text.__vector_10
                0x00000160       0x22 ISRs.o
                0x00000160                __vector_10
 .text.main     0x00000182        0x8 main.o
                0x00000182                main
 .text.pushButtonInit
                0x0000018a       0x4c pushButton.o
                0x0000018a                pushButtonInit
 .text.pushButtonGetStatus
                0x000001d6      0x116 pushButton.o
                0x000001d6                pushButtonGetStatus
 .text.softwareDelayMs
                0x000002ec       0x34 softwaredelay.o
                0x000002ec                softwareDelayMs
 .text.SPI_Init
                0x00000320       0xf0 Spi.o
                0x00000320                SPI_Init
 .text.SPI_Transceiver
                0x00000410       0x18 Spi.o
                0x00000410                SPI_Transceiver
 .text.timer0Init
                0x00000428       0x2e timers.o
                0x00000428                timer0Init
 .text.timer0Stop
                0x00000456        0x4 timers.o
                0x00000456                timer0Stop
 .text.UART_init
                0x0000045a       0x46 UART.o
                0x0000045a                UART_init
 .text.UART_sendByte
                0x000004a0        0x8 UART.o
                0x000004a0                UART_sendByte
 .text.__vector_3
                0x000004a8       0x22 UART_SPI_ApplicationMicro1.o
                0x000004a8                __vector_3
 .text.Micro_TwoApplication
                0x000004ca       0x96 UART_SPI_ApplicationMicro2.o
                0x000004ca                Micro_TwoApplication
                0x00000560                . = ALIGN (0x2)
 *(.fini9)
 .fini9         0x00000560        0x0 c:/program files (x86)/atmel/studio/7.0/toolchain/avr8/avr8-gnu-toolchain/bin/../lib/gcc/avr/5.4.0/avr5\libgcc.a(_exit.o)
                0x00000560                _exit
                0x00000560                exit
 *(.fini9)
 *(.fini8)
 *(.fini8)
 *(.fini7)
 *(.fini7)
 *(.fini6)
 *(.fini6)
 *(.fini5)
 *(.fini5)
 *(.fini4)
 *(.fini4)
 *(.fini3)
 *(.fini3)
 *(.fini2)
 *(.fini2)
 *(.fini1)
 *(.fini1)
 *(.fini0)
 .fini0         0x00000560        0x4 c:/program files (x86)/atmel/studio/7.0/toolchain/avr8/avr8-gnu-toolchain/bin/../lib/gcc/avr/5.4.0/avr5\libgcc.a(_exit.o)
 *(.fini0)
                0x00000564                _etext = .

.data           0x00800060        0x0 load address 0x00000564
                [!provide]                PROVIDE (__data_start, .)
 *(.data)
 *(.data*)
 *(.gnu.linkonce.d*)
 *(.rodata)
 *(.rodata*)
 *(.gnu.linkonce.r*)
                0x00800060                . = ALIGN (0x2)
                0x00800060                _edata = .
                [!provide]                PROVIDE (__data_end, .)

.bss            0x00800060        0x2
                0x00800060                PROVIDE (__bss_start, .)
 *(.bss)
 *(.bss*)
 .bss.timer0_compare_match_tickes
                0x00800060        0x1 ISRs.o
                0x00800060                timer0_compare_match_tickes
 .bss.speed     0x00800061        0x1 UART_SPI_ApplicationMicro1.o
                0x00800061                speed
 *(COMMON)
                0x00800062                PROVIDE (__bss_end, .)
                0x00000564                __data_load_start = LOADADDR (.data)
                0x00000564                __data_load_end = (__data_load_start + SIZEOF (.data))

.noinit         0x00800062        0x0
                [!provide]                PROVIDE (__noinit_start, .)
 *(.noinit*)
                [!provide]                PROVIDE (__noinit_end, .)
                0x00800062                _end = .
                [!provide]                PROVIDE (__heap_start, .)

.eeprom         0x00810000        0x0
 *(.eeprom*)
                0x00810000                __eeprom_end = .

.fuse
 *(.fuse)
 *(.lfuse)
 *(.hfuse)
 *(.efuse)

.lock
 *(.lock*)

.signature
 *(.signature*)

.user_signatures
 *(.user_signatures*)

.stab
 *(.stab)

.stabstr
 *(.stabstr)

.stab.excl
 *(.stab.excl)

.stab.exclstr
 *(.stab.exclstr)

.stab.index
 *(.stab.index)

.stab.indexstr
 *(.stab.indexstr)

.comment        0x00000000       0x30
 *(.comment)
 .comment       0x00000000       0x30 GPIO.o
                                 0x31 (size before relaxing)
 .comment       0x00000030       0x31 ISRs.o
 .comment       0x00000030       0x31 main.o
 .comment       0x00000030       0x31 pushButton.o
 .comment       0x00000030       0x31 softwaredelay.o
 .comment       0x00000030       0x31 Spi.o
 .comment       0x00000030       0x31 timers.o
 .comment       0x00000030       0x31 UART.o
 .comment       0x00000030       0x31 UART_SPI_ApplicationMicro1.o
 .comment       0x00000030       0x31 UART_SPI_ApplicationMicro2.o

.note.gnu.avr.deviceinfo
                0x00000000       0x3c
 .note.gnu.avr.deviceinfo
                0x00000000       0x3c C:/Program Files (x86)/Atmel/Studio/7.0/Packs/atmel/ATmega_DFP/1.2.150/gcc/dev/atmega32/avr5/crtatmega32.o

.note.gnu.build-id
 *(.note.gnu.build-id)

.debug
 *(.debug)

.line
 *(.line)

.debug_srcinfo
 *(.debug_srcinfo)

.debug_sfnames
 *(.debug_sfnames)

.debug_aranges  0x00000000      0x258
 *(.debug_aranges)
 .debug_aranges
                0x00000000       0x58 GPIO.o
 .debug_aranges
                0x00000058       0x20 ISRs.o
 .debug_aranges
                0x00000078       0x20 main.o
 .debug_aranges
                0x00000098       0x28 pushButton.o
 .debug_aranges
                0x000000c0       0x28 softwaredelay.o
 .debug_aranges
                0x000000e8       0x28 Spi.o
 .debug_aranges
                0x00000110       0xb8 timers.o
 .debug_aranges
                0x000001c8       0x48 UART.o
 .debug_aranges
                0x00000210       0x28 UART_SPI_ApplicationMicro1.o
 .debug_aranges
                0x00000238       0x20 UART_SPI_ApplicationMicro2.o

.debug_pubnames
 *(.debug_pubnames)

.debug_info     0x00000000     0x333b
 *(.debug_info .gnu.linkonce.wi.*)
 .debug_info    0x00000000      0x4e6 C:/Program Files (x86)/Atmel/Studio/7.0/Packs/atmel/ATmega_DFP/1.2.150/gcc/dev/atmega32/avr5/crtatmega32.o
 .debug_info    0x000004e6      0x26a GPIO.o
 .debug_info    0x00000750       0xdc ISRs.o
 .debug_info    0x0000082c       0xb5 main.o
 .debug_info    0x000008e1      0x42b pushButton.o
 .debug_info    0x00000d0c      0x142 softwaredelay.o
 .debug_info    0x00000e4e      0x420 Spi.o
 .debug_info    0x0000126e      0xa51 timers.o
 .debug_info    0x00001cbf      0x5a3 UART.o
 .debug_info    0x00002262      0x877 UART_SPI_ApplicationMicro1.o
 .debug_info    0x00002ad9      0x862 UART_SPI_ApplicationMicro2.o

.debug_abbrev   0x00000000      0xf88
 *(.debug_abbrev)
 .debug_abbrev  0x00000000      0x4a3 C:/Program Files (x86)/Atmel/Studio/7.0/Packs/atmel/ATmega_DFP/1.2.150/gcc/dev/atmega32/avr5/crtatmega32.o
 .debug_abbrev  0x000004a3       0xd0 GPIO.o
 .debug_abbrev  0x00000573       0x7c ISRs.o
 .debug_abbrev  0x000005ef       0x89 main.o
 .debug_abbrev  0x00000678       0xe0 pushButton.o
 .debug_abbrev  0x00000758       0x95 softwaredelay.o
 .debug_abbrev  0x000007ed      0x106 Spi.o
 .debug_abbrev  0x000008f3      0x2ac timers.o
 .debug_abbrev  0x00000b9f      0x173 UART.o
 .debug_abbrev  0x00000d12      0x137 UART_SPI_ApplicationMicro1.o
 .debug_abbrev  0x00000e49      0x13f UART_SPI_ApplicationMicro2.o

.debug_line     0x00000000     0x1b51
 *(.debug_line .debug_line.* .debug_line_end)
 .debug_line    0x00000000      0x115 C:/Program Files (x86)/Atmel/Studio/7.0/Packs/atmel/ATmega_DFP/1.2.150/gcc/dev/atmega32/avr5/crtatmega32.o
 .debug_line    0x00000115      0x29c GPIO.o
 .debug_line    0x000003b1      0x37d ISRs.o
 .debug_line    0x0000072e      0x19e main.o
 .debug_line    0x000008cc      0x175 pushButton.o
 .debug_line    0x00000a41       0xcc softwaredelay.o
 .debug_line    0x00000b0d      0x1cc Spi.o
 .debug_line    0x00000cd9      0x64f timers.o
 .debug_line    0x00001328      0x17b UART.o
 .debug_line    0x000014a3      0x209 UART_SPI_ApplicationMicro1.o
 .debug_line    0x000016ac      0x4a5 UART_SPI_ApplicationMicro2.o

.debug_frame    0x00000000      0x440
 *(.debug_frame)
 .debug_frame   0x00000000       0x94 GPIO.o
 .debug_frame   0x00000094       0x34 ISRs.o
 .debug_frame   0x000000c8       0x24 main.o
 .debug_frame   0x000000ec       0x34 pushButton.o
 .debug_frame   0x00000120       0x34 softwaredelay.o
 .debug_frame   0x00000154       0x48 Spi.o
 .debug_frame   0x0000019c      0x17c timers.o
 .debug_frame   0x00000318       0xa0 UART.o
 .debug_frame   0x000003b8       0x54 UART_SPI_ApplicationMicro1.o
 .debug_frame   0x0000040c       0x34 UART_SPI_ApplicationMicro2.o

.debug_str      0x00000000    0x1041e
 *(.debug_str)
 .debug_str     0x00000000      0x196 C:/Program Files (x86)/Atmel/Studio/7.0/Packs/atmel/ATmega_DFP/1.2.150/gcc/dev/atmega32/avr5/crtatmega32.o
 .debug_str     0x00000196     0x34f7 GPIO.o
                               0x3569 (size before relaxing)
 .debug_str     0x0000368d     0xb54e ISRs.o
                               0xeb40 (size before relaxing)
 .debug_str     0x0000ebdb      0x57d main.o
                               0x3f4c (size before relaxing)
 .debug_str     0x0000f158       0xe5 pushButton.o
                               0x3684 (size before relaxing)
 .debug_str     0x0000f23d       0x67 softwaredelay.o
                               0x2c2f (size before relaxing)
 .debug_str     0x0000f2a4      0x1e6 Spi.o
                               0x3873 (size before relaxing)
 .debug_str     0x0000f48a      0x81c timers.o
                               0x3fdb (size before relaxing)
 .debug_str     0x0000fca6      0x6a6 UART.o
                               0x3d3e (size before relaxing)
 .debug_str     0x0001034c       0xa7 UART_SPI_ApplicationMicro1.o
                               0x4838 (size before relaxing)
 .debug_str     0x000103f3       0x2b UART_SPI_ApplicationMicro2.o
                               0xf724 (size before relaxing)

.debug_loc      0x00000000     0x112b
 *(.debug_loc)
 .debug_loc     0x00000000      0x549 GPIO.o
 .debug_loc     0x00000549       0x3c ISRs.o
 .debug_loc     0x00000585      0x1b5 pushButton.o
 .debug_loc     0x0000073a       0xea softwaredelay.o
 .debug_loc     0x00000824       0xb1 Spi.o
 .debug_loc     0x000008d5      0x5a1 timers.o
 .debug_loc     0x00000e76      0x19f UART.o
 .debug_loc     0x00001015       0x83 UART_SPI_ApplicationMicro1.o
 .debug_loc     0x00001098       0x93 UART_SPI_ApplicationMicro2.o

.debug_macinfo
 *(.debug_macinfo)

.debug_weaknames
 *(.debug_weaknames)

.debug_funcnames
 *(.debug_funcnames)

.debug_typenames
 *(.debug_typenames)

.debug_varnames
 *(.debug_varnames)

.debug_pubtypes
 *(.debug_pubtypes)

.debug_ranges   0x00000000      0x1b8
 *(.debug_ranges)
 .debug_ranges  0x00000000       0x48 GPIO.o
 .debug_ranges  0x00000048       0x10 ISRs.o
 .debug_ranges  0x00000058       0x10 main.o
 .debug_ranges  0x00000068       0x18 pushButton.o
 .debug_ranges  0x00000080       0x18 softwaredelay.o
 .debug_ranges  0x00000098       0x18 Spi.o
 .debug_ranges  0x000000b0       0xa8 timers.o
 .debug_ranges  0x00000158       0x38 UART.o
 .debug_ranges  0x00000190       0x18 UART_SPI_ApplicationMicro1.o
 .debug_ranges  0x000001a8       0x10 UART_SPI_ApplicationMicro2.o

.debug_macro    0x00000000     0x36bd
 *(.debug_macro)
 .debug_macro   0x00000000       0x32 GPIO.o
 .debug_macro   0x00000032      0xa4e GPIO.o
 .debug_macro   0x00000a80       0x2e GPIO.o
 .debug_macro   0x00000aae      0x1ef GPIO.o
 .debug_macro   0x00000c9d       0x28 GPIO.o
 .debug_macro   0x00000cc5      0x180 ISRs.o
 .debug_macro   0x00000e45      0x64b ISRs.o
 .debug_macro   0x00001490       0x10 ISRs.o
 .debug_macro   0x000014a0      0x1c9 ISRs.o
 .debug_macro   0x00001669      0x2fc ISRs.o
 .debug_macro   0x00001965       0x9e ISRs.o
 .debug_macro   0x00001a03      0xc24 ISRs.o
 .debug_macro   0x00002627      0x170 ISRs.o
 .debug_macro   0x00002797       0xbd ISRs.o
 .debug_macro   0x00002854       0x34 ISRs.o
 .debug_macro   0x00002888       0x18 ISRs.o
 .debug_macro   0x000028a0       0x6c ISRs.o
 .debug_macro   0x0000290c       0x22 ISRs.o
 .debug_macro   0x0000292e      0x16d ISRs.o
 .debug_macro   0x00002a9b       0x1c ISRs.o
 .debug_macro   0x00002ab7       0x35 ISRs.o
 .debug_macro   0x00002aec       0x66 ISRs.o
 .debug_macro   0x00002b52       0x44 ISRs.o
 .debug_macro   0x00002b96       0x10 ISRs.o
 .debug_macro   0x00002ba6       0xe2 ISRs.o
 .debug_macro   0x00002c88       0x40 ISRs.o
 .debug_macro   0x00002cc8      0x100 ISRs.o
 .debug_macro   0x00002dc8       0x69 ISRs.o
 .debug_macro   0x00002e31       0x2c ISRs.o
 .debug_macro   0x00002e5d       0x9a ISRs.o
 .debug_macro   0x00002ef7       0xf0 main.o
 .debug_macro   0x00002fe7       0x94 main.o
 .debug_macro   0x0000307b       0x3a main.o
 .debug_macro   0x000030b5       0x3a main.o
 .debug_macro   0x000030ef       0x40 main.o
 .debug_macro   0x0000312f      0x157 main.o
 .debug_macro   0x00003286       0x55 pushButton.o
 .debug_macro   0x000032db       0x3a pushButton.o
 .debug_macro   0x00003315       0x24 softwaredelay.o
 .debug_macro   0x00003339       0x55 Spi.o
 .debug_macro   0x0000338e       0x34 Spi.o
 .debug_macro   0x000033c2       0x50 timers.o
 .debug_macro   0x00003412       0x54 UART.o
 .debug_macro   0x00003466       0xa9 UART_SPI_ApplicationMicro1.o
 .debug_macro   0x0000350f      0x1ae UART_SPI_ApplicationMicro2.o
OUTPUT(uarttest.elf elf32-avr)
LOAD linker stubs
