Archive member included to satisfy reference by file (symbol)

c:/program files (x86)/atmel/studio/7.0/toolchain/avr8/avr8-gnu-toolchain/bin/../lib/gcc/avr/5.4.0/avr5\libgcc.a(_exit.o)
                              C:/Program Files (x86)/Atmel/Studio/7.0/Packs/atmel/ATmega_DFP/1.2.150/gcc/dev/atmega32/avr5/crtatmega32.o (exit)
c:/program files (x86)/atmel/studio/7.0/toolchain/avr8/avr8-gnu-toolchain/bin/../lib/gcc/avr/5.4.0/avr5\libgcc.a(_clear_bss.o)
                              main.o (__do_clear_bss)

Discarded input sections

 .data          0x00000000        0x0 C:/Program Files (x86)/Atmel/Studio/7.0/Packs/atmel/ATmega_DFP/1.2.150/gcc/dev/atmega32/avr5/crtatmega32.o
 .bss           0x00000000        0x0 C:/Program Files (x86)/Atmel/Studio/7.0/Packs/atmel/ATmega_DFP/1.2.150/gcc/dev/atmega32/avr5/crtatmega32.o
 .group         0x00000000        0x8 GPIO.o
 .group         0x00000000        0x8 GPIO.o
 .group         0x00000000        0x8 GPIO.o
 .group         0x00000000        0x8 GPIO.o
 .text          0x00000000        0x0 GPIO.o
 .data          0x00000000        0x0 GPIO.o
 .bss           0x00000000        0x0 GPIO.o
 .text.gpioPortDirection
                0x00000000       0x24 GPIO.o
 .text.gpioPortWrite
                0x00000000       0x24 GPIO.o
 .text.gpioPortToggle
                0x00000000       0x38 GPIO.o
 .text.gpioPortRead
                0x00000000       0x24 GPIO.o
 .text.gpioPinToggle
                0x00000000       0x38 GPIO.o
 .text.gpioPinRead
                0x00000000       0x2e GPIO.o
 .group         0x00000000        0x8 main.o
 .group         0x00000000        0x8 main.o
 .group         0x00000000        0x8 main.o
 .group         0x00000000        0x8 main.o
 .group         0x00000000        0x8 main.o
 .group         0x00000000        0x8 main.o
 .group         0x00000000        0x8 main.o
 .group         0x00000000        0x8 main.o
 .text          0x00000000        0x0 main.o
 .data          0x00000000        0x0 main.o
 .bss           0x00000000        0x0 main.o
 .debug_macro   0x00000000      0xa4e main.o
 .debug_macro   0x00000000       0x2e main.o
 .debug_macro   0x00000000      0x1ef main.o
 COMMON         0x00000000        0x0 main.o
 .group         0x00000000        0x8 sevensegement.o
 .group         0x00000000        0x8 sevensegement.o
 .group         0x00000000        0x8 sevensegement.o
 .group         0x00000000        0x8 sevensegement.o
 .group         0x00000000        0x8 sevensegement.o
 .text          0x00000000        0x0 sevensegement.o
 .data          0x00000000        0x0 sevensegement.o
 .bss           0x00000000        0x0 sevensegement.o
 .debug_macro   0x00000000      0xa4e sevensegement.o
 .debug_macro   0x00000000       0x2e sevensegement.o
 .debug_macro   0x00000000      0x1ef sevensegement.o
 .group         0x00000000        0x8 softwaredelay.o
 .group         0x00000000        0x8 softwaredelay.o
 .text          0x00000000        0x0 softwaredelay.o
 .data          0x00000000        0x0 softwaredelay.o
 .bss           0x00000000        0x0 softwaredelay.o
 .text.softwareDelayUS
                0x00000000       0x34 softwaredelay.o
 .debug_macro   0x00000000      0xa4e softwaredelay.o
 .debug_macro   0x00000000       0x2e softwaredelay.o
 .group         0x00000000        0x8 Spi.o
 .group         0x00000000        0x8 Spi.o
 .group         0x00000000        0x8 Spi.o
 .group         0x00000000        0x8 Spi.o
 .group         0x00000000        0x8 Spi.o
 .text          0x00000000        0x0 Spi.o
 .data          0x00000000        0x0 Spi.o
 .bss           0x00000000        0x0 Spi.o
 .debug_macro   0x00000000      0xa4e Spi.o
 .debug_macro   0x00000000       0x2e Spi.o
 .debug_macro   0x00000000       0x2e Spi.o
 .group         0x00000000        0x8 spirecivier.o
 .group         0x00000000        0x8 spirecivier.o
 .group         0x00000000        0x8 spirecivier.o
 .group         0x00000000        0x8 spirecivier.o
 .group         0x00000000        0x8 spirecivier.o
 .group         0x00000000        0x8 spirecivier.o
 .text          0x00000000        0x0 spirecivier.o
 .data          0x00000000        0x0 spirecivier.o
 .bss           0x00000000        0x0 spirecivier.o
 .debug_macro   0x00000000      0xa4e spirecivier.o
 .debug_macro   0x00000000       0x2e spirecivier.o
 .debug_macro   0x00000000      0x1e9 spirecivier.o
 .debug_macro   0x00000000       0x34 spirecivier.o
 .debug_macro   0x00000000       0x3a spirecivier.o
 .group         0x00000000        0x8 spitransmitter.o
 .group         0x00000000        0x8 spitransmitter.o
 .group         0x00000000        0x8 spitransmitter.o
 .group         0x00000000        0x8 spitransmitter.o
 .group         0x00000000        0x8 spitransmitter.o
 .text          0x00000000        0x0 spitransmitter.o
 .data          0x00000000        0x0 spitransmitter.o
 .bss           0x00000000        0x0 spitransmitter.o
 .text.spi_transimtter
                0x00000000       0x54 spitransmitter.o
 .debug_info    0x00000000      0x2f3 spitransmitter.o
 .debug_abbrev  0x00000000       0xd6 spitransmitter.o
 .debug_loc     0x00000000       0x47 spitransmitter.o
 .debug_aranges
                0x00000000       0x20 spitransmitter.o
 .debug_ranges  0x00000000       0x10 spitransmitter.o
 .debug_macro   0x00000000       0x55 spitransmitter.o
 .debug_macro   0x00000000      0xa4e spitransmitter.o
 .debug_macro   0x00000000       0x2e spitransmitter.o
 .debug_macro   0x00000000      0x1e9 spitransmitter.o
 .debug_macro   0x00000000       0x2e spitransmitter.o
 .debug_macro   0x00000000       0x34 spitransmitter.o
 .debug_line    0x00000000       0xe6 spitransmitter.o
 .debug_str     0x00000000     0x382b spitransmitter.o
 .comment       0x00000000       0x31 spitransmitter.o
 .debug_frame   0x00000000       0x34 spitransmitter.o
 .group         0x00000000        0x8 UART.o
 .group         0x00000000        0x8 UART.o
 .group         0x00000000        0x8 UART.o
 .group         0x00000000        0x8 UART.o
 .group         0x00000000        0x8 UART.o
 .group         0x00000000        0x8 UART.o
 .text          0x00000000        0x0 UART.o
 .data          0x00000000        0x0 UART.o
 .bss           0x00000000        0x0 UART.o
 .text.UART_init
                0x00000000       0x46 UART.o
 .text.UART_sendByte
                0x00000000        0x8 UART.o
 .text.UART_recieveByte
                0x00000000        0x8 UART.o
 .text.UART_sendString
                0x00000000       0x2c UART.o
 .text.UART_receiveString
                0x00000000       0x42 UART.o
 .text.UART_set_UDR
                0x00000000        0x8 UART.o
 .bss.g_UART_sender_CallBackPtr
                0x00000000        0x2 UART.o
 .bss.g8_udr_data
                0x00000000        0x1 UART.o
 .bss.g_UART_receiver_CallBackPtr
                0x00000000        0x2 UART.o
 .debug_info    0x00000000      0x5a3 UART.o
 .debug_abbrev  0x00000000      0x173 UART.o
 .debug_loc     0x00000000      0x19f UART.o
 .debug_aranges
                0x00000000       0x48 UART.o
 .debug_ranges  0x00000000       0x38 UART.o
 .debug_macro   0x00000000       0x54 UART.o
 .debug_macro   0x00000000      0xa4e UART.o
 .debug_macro   0x00000000       0x2e UART.o
 .debug_macro   0x00000000       0x28 UART.o
 .debug_macro   0x00000000      0x1ef UART.o
 .debug_macro   0x00000000       0x2e UART.o
 .debug_macro   0x00000000       0x94 UART.o
 .debug_line    0x00000000      0x17b UART.o
 .debug_str     0x00000000     0x3d3e UART.o
 .comment       0x00000000       0x31 UART.o
 .debug_frame   0x00000000       0xa0 UART.o
 .group         0x00000000        0x8 UART_Receiver.o
 .group         0x00000000        0x8 UART_Receiver.o
 .group         0x00000000        0x8 UART_Receiver.o
 .group         0x00000000        0x8 UART_Receiver.o
 .group         0x00000000        0x8 UART_Receiver.o
 .group         0x00000000        0x8 UART_Receiver.o
 .text          0x00000000        0x0 UART_Receiver.o
 .data          0x00000000        0x0 UART_Receiver.o
 .bss           0x00000000        0x0 UART_Receiver.o
 .text.UART_Receiver_func
                0x00000000       0x68 UART_Receiver.o
 .text.UART_Receiver_with_interrupt_func
                0x00000000       0x68 UART_Receiver.o
 .debug_info    0x00000000      0x5da UART_Receiver.o
 .debug_abbrev  0x00000000      0x118 UART_Receiver.o
 .debug_loc     0x00000000       0xcc UART_Receiver.o
 .debug_aranges
                0x00000000       0x28 UART_Receiver.o
 .debug_ranges  0x00000000       0x18 UART_Receiver.o
 .debug_macro   0x00000000       0x5e UART_Receiver.o
 .debug_macro   0x00000000      0xa4e UART_Receiver.o
 .debug_macro   0x00000000       0x2e UART_Receiver.o
 .debug_macro   0x00000000      0x1ef UART_Receiver.o
 .debug_macro   0x00000000       0x28 UART_Receiver.o
 .debug_macro   0x00000000       0x28 UART_Receiver.o
 .debug_macro   0x00000000       0x94 UART_Receiver.o
 .debug_line    0x00000000      0x17d UART_Receiver.o
 .debug_str     0x00000000     0x3d2a UART_Receiver.o
 .comment       0x00000000       0x31 UART_Receiver.o
 .debug_frame   0x00000000       0x54 UART_Receiver.o
 .group         0x00000000        0x8 UART_Sender.o
 .group         0x00000000        0x8 UART_Sender.o
 .group         0x00000000        0x8 UART_Sender.o
 .group         0x00000000        0x8 UART_Sender.o
 .group         0x00000000        0x8 UART_Sender.o
 .group         0x00000000        0x8 UART_Sender.o
 .text          0x00000000        0x0 UART_Sender.o
 .data          0x00000000        0x0 UART_Sender.o
 .bss           0x00000000        0x0 UART_Sender.o
 .text.UART_Sender_func
                0x00000000       0x6c UART_Sender.o
 .text.UART_Sender_with_interrupt_func
                0x00000000       0x7e UART_Sender.o
 .text.UART_setCallBack
                0x00000000        0xa UART_Sender.o
 .debug_info    0x00000000      0x604 UART_Sender.o
 .debug_abbrev  0x00000000      0x183 UART_Sender.o
 .debug_loc     0x00000000       0xb9 UART_Sender.o
 .debug_aranges
                0x00000000       0x30 UART_Sender.o
 .debug_ranges  0x00000000       0x20 UART_Sender.o
 .debug_macro   0x00000000       0x5e UART_Sender.o
 .debug_macro   0x00000000      0xa4e UART_Sender.o
 .debug_macro   0x00000000       0x2e UART_Sender.o
 .debug_macro   0x00000000      0x1ef UART_Sender.o
 .debug_macro   0x00000000       0x28 UART_Sender.o
 .debug_macro   0x00000000       0x28 UART_Sender.o
 .debug_macro   0x00000000       0x94 UART_Sender.o
 .debug_line    0x00000000      0x19c UART_Sender.o
 .debug_str     0x00000000     0x3d3c UART_Sender.o
 .comment       0x00000000       0x31 UART_Sender.o
 .debug_frame   0x00000000       0x64 UART_Sender.o
 .group         0x00000000        0x8 src/ASF/mega/boards/stk600/rcx_x/init.o
 .group         0x00000000        0x8 src/ASF/mega/boards/stk600/rcx_x/init.o
 .group         0x00000000        0x8 src/ASF/mega/boards/stk600/rcx_x/init.o
 .group         0x00000000        0x8 src/ASF/mega/boards/stk600/rcx_x/init.o
 .group         0x00000000        0x8 src/ASF/mega/boards/stk600/rcx_x/init.o
 .group         0x00000000        0x8 src/ASF/mega/boards/stk600/rcx_x/init.o
 .group         0x00000000        0x8 src/ASF/mega/boards/stk600/rcx_x/init.o
 .group         0x00000000        0x8 src/ASF/mega/boards/stk600/rcx_x/init.o
 .group         0x00000000        0x8 src/ASF/mega/boards/stk600/rcx_x/init.o
 .group         0x00000000        0x8 src/ASF/mega/boards/stk600/rcx_x/init.o
 .group         0x00000000        0x8 src/ASF/mega/boards/stk600/rcx_x/init.o
 .group         0x00000000        0x8 src/ASF/mega/boards/stk600/rcx_x/init.o
 .group         0x00000000        0x8 src/ASF/mega/boards/stk600/rcx_x/init.o
 .group         0x00000000        0x8 src/ASF/mega/boards/stk600/rcx_x/init.o
 .group         0x00000000        0x8 src/ASF/mega/boards/stk600/rcx_x/init.o
 .group         0x00000000        0x8 src/ASF/mega/boards/stk600/rcx_x/init.o
 .group         0x00000000        0x8 src/ASF/mega/boards/stk600/rcx_x/init.o
 .group         0x00000000        0x8 src/ASF/mega/boards/stk600/rcx_x/init.o
 .group         0x00000000        0x8 src/ASF/mega/boards/stk600/rcx_x/init.o
 .group         0x00000000        0x8 src/ASF/mega/boards/stk600/rcx_x/init.o
 .group         0x00000000        0x8 src/ASF/mega/boards/stk600/rcx_x/init.o
 .group         0x00000000        0x8 src/ASF/mega/boards/stk600/rcx_x/init.o
 .group         0x00000000        0x8 src/ASF/mega/boards/stk600/rcx_x/init.o
 .group         0x00000000        0x8 src/ASF/mega/boards/stk600/rcx_x/init.o
 .group         0x00000000        0x8 src/ASF/mega/boards/stk600/rcx_x/init.o
 .text          0x00000000        0x0 src/ASF/mega/boards/stk600/rcx_x/init.o
 .data          0x00000000        0x0 src/ASF/mega/boards/stk600/rcx_x/init.o
 .bss           0x00000000        0x0 src/ASF/mega/boards/stk600/rcx_x/init.o
 .text.board_init
                0x00000000        0x2 src/ASF/mega/boards/stk600/rcx_x/init.o
 .debug_info    0x00000000       0x7c src/ASF/mega/boards/stk600/rcx_x/init.o
 .debug_abbrev  0x00000000       0x47 src/ASF/mega/boards/stk600/rcx_x/init.o
 .debug_aranges
                0x00000000       0x20 src/ASF/mega/boards/stk600/rcx_x/init.o
 .debug_ranges  0x00000000       0x10 src/ASF/mega/boards/stk600/rcx_x/init.o
 .debug_macro   0x00000000      0x134 src/ASF/mega/boards/stk600/rcx_x/init.o
 .debug_macro   0x00000000      0xa4e src/ASF/mega/boards/stk600/rcx_x/init.o
 .debug_macro   0x00000000       0x10 src/ASF/mega/boards/stk600/rcx_x/init.o
 .debug_macro   0x00000000      0x1c9 src/ASF/mega/boards/stk600/rcx_x/init.o
 .debug_macro   0x00000000      0x2fc src/ASF/mega/boards/stk600/rcx_x/init.o
 .debug_macro   0x00000000       0x9e src/ASF/mega/boards/stk600/rcx_x/init.o
 .debug_macro   0x00000000      0xc24 src/ASF/mega/boards/stk600/rcx_x/init.o
 .debug_macro   0x00000000      0x170 src/ASF/mega/boards/stk600/rcx_x/init.o
 .debug_macro   0x00000000       0xbd src/ASF/mega/boards/stk600/rcx_x/init.o
 .debug_macro   0x00000000       0x34 src/ASF/mega/boards/stk600/rcx_x/init.o
 .debug_macro   0x00000000       0x18 src/ASF/mega/boards/stk600/rcx_x/init.o
 .debug_macro   0x00000000       0x6c src/ASF/mega/boards/stk600/rcx_x/init.o
 .debug_macro   0x00000000       0x22 src/ASF/mega/boards/stk600/rcx_x/init.o
 .debug_macro   0x00000000      0x16d src/ASF/mega/boards/stk600/rcx_x/init.o
 .debug_macro   0x00000000       0x1c src/ASF/mega/boards/stk600/rcx_x/init.o
 .debug_macro   0x00000000       0x35 src/ASF/mega/boards/stk600/rcx_x/init.o
 .debug_macro   0x00000000       0x66 src/ASF/mega/boards/stk600/rcx_x/init.o
 .debug_macro   0x00000000      0x64b src/ASF/mega/boards/stk600/rcx_x/init.o
 .debug_macro   0x00000000       0x44 src/ASF/mega/boards/stk600/rcx_x/init.o
 .debug_macro   0x00000000       0x69 src/ASF/mega/boards/stk600/rcx_x/init.o
 .debug_macro   0x00000000       0x2c src/ASF/mega/boards/stk600/rcx_x/init.o
 .debug_macro   0x00000000       0x10 src/ASF/mega/boards/stk600/rcx_x/init.o
 .debug_macro   0x00000000       0xe2 src/ASF/mega/boards/stk600/rcx_x/init.o
 .debug_macro   0x00000000       0x40 src/ASF/mega/boards/stk600/rcx_x/init.o
 .debug_macro   0x00000000      0x100 src/ASF/mega/boards/stk600/rcx_x/init.o
 .debug_macro   0x00000000      0x2c0 src/ASF/mega/boards/stk600/rcx_x/init.o
 .debug_line    0x00000000      0x35e src/ASF/mega/boards/stk600/rcx_x/init.o
 .debug_str     0x00000000     0xe7c7 src/ASF/mega/boards/stk600/rcx_x/init.o
 .comment       0x00000000       0x31 src/ASF/mega/boards/stk600/rcx_x/init.o
 .debug_frame   0x00000000       0x24 src/ASF/mega/boards/stk600/rcx_x/init.o
 .text          0x00000000        0x0 c:/program files (x86)/atmel/studio/7.0/toolchain/avr8/avr8-gnu-toolchain/bin/../lib/gcc/avr/5.4.0/avr5\libgcc.a(_exit.o)
 .data          0x00000000        0x0 c:/program files (x86)/atmel/studio/7.0/toolchain/avr8/avr8-gnu-toolchain/bin/../lib/gcc/avr/5.4.0/avr5\libgcc.a(_exit.o)
 .bss           0x00000000        0x0 c:/program files (x86)/atmel/studio/7.0/toolchain/avr8/avr8-gnu-toolchain/bin/../lib/gcc/avr/5.4.0/avr5\libgcc.a(_exit.o)
 .text.libgcc.mul
                0x00000000        0x0 c:/program files (x86)/atmel/studio/7.0/toolchain/avr8/avr8-gnu-toolchain/bin/../lib/gcc/avr/5.4.0/avr5\libgcc.a(_exit.o)
 .text.libgcc.div
                0x00000000        0x0 c:/program files (x86)/atmel/studio/7.0/toolchain/avr8/avr8-gnu-toolchain/bin/../lib/gcc/avr/5.4.0/avr5\libgcc.a(_exit.o)
 .text.libgcc   0x00000000        0x0 c:/program files (x86)/atmel/studio/7.0/toolchain/avr8/avr8-gnu-toolchain/bin/../lib/gcc/avr/5.4.0/avr5\libgcc.a(_exit.o)
 .text.libgcc.prologue
                0x00000000        0x0 c:/program files (x86)/atmel/studio/7.0/toolchain/avr8/avr8-gnu-toolchain/bin/../lib/gcc/avr/5.4.0/avr5\libgcc.a(_exit.o)
 .text.libgcc.builtins
                0x00000000        0x0 c:/program files (x86)/atmel/studio/7.0/toolchain/avr8/avr8-gnu-toolchain/bin/../lib/gcc/avr/5.4.0/avr5\libgcc.a(_exit.o)
 .text.libgcc.fmul
                0x00000000        0x0 c:/program files (x86)/atmel/studio/7.0/toolchain/avr8/avr8-gnu-toolchain/bin/../lib/gcc/avr/5.4.0/avr5\libgcc.a(_exit.o)
 .text.libgcc.fixed
                0x00000000        0x0 c:/program files (x86)/atmel/studio/7.0/toolchain/avr8/avr8-gnu-toolchain/bin/../lib/gcc/avr/5.4.0/avr5\libgcc.a(_exit.o)
 .text          0x00000000        0x0 c:/program files (x86)/atmel/studio/7.0/toolchain/avr8/avr8-gnu-toolchain/bin/../lib/gcc/avr/5.4.0/avr5\libgcc.a(_clear_bss.o)
 .data          0x00000000        0x0 c:/program files (x86)/atmel/studio/7.0/toolchain/avr8/avr8-gnu-toolchain/bin/../lib/gcc/avr/5.4.0/avr5\libgcc.a(_clear_bss.o)
 .bss           0x00000000        0x0 c:/program files (x86)/atmel/studio/7.0/toolchain/avr8/avr8-gnu-toolchain/bin/../lib/gcc/avr/5.4.0/avr5\libgcc.a(_clear_bss.o)
 .text.libgcc.mul
                0x00000000        0x0 c:/program files (x86)/atmel/studio/7.0/toolchain/avr8/avr8-gnu-toolchain/bin/../lib/gcc/avr/5.4.0/avr5\libgcc.a(_clear_bss.o)
 .text.libgcc.div
                0x00000000        0x0 c:/program files (x86)/atmel/studio/7.0/toolchain/avr8/avr8-gnu-toolchain/bin/../lib/gcc/avr/5.4.0/avr5\libgcc.a(_clear_bss.o)
 .text.libgcc   0x00000000        0x0 c:/program files (x86)/atmel/studio/7.0/toolchain/avr8/avr8-gnu-toolchain/bin/../lib/gcc/avr/5.4.0/avr5\libgcc.a(_clear_bss.o)
 .text.libgcc.prologue
                0x00000000        0x0 c:/program files (x86)/atmel/studio/7.0/toolchain/avr8/avr8-gnu-toolchain/bin/../lib/gcc/avr/5.4.0/avr5\libgcc.a(_clear_bss.o)
 .text.libgcc.builtins
                0x00000000        0x0 c:/program files (x86)/atmel/studio/7.0/toolchain/avr8/avr8-gnu-toolchain/bin/../lib/gcc/avr/5.4.0/avr5\libgcc.a(_clear_bss.o)
 .text.libgcc.fmul
                0x00000000        0x0 c:/program files (x86)/atmel/studio/7.0/toolchain/avr8/avr8-gnu-toolchain/bin/../lib/gcc/avr/5.4.0/avr5\libgcc.a(_clear_bss.o)
 .text.libgcc.fixed
                0x00000000        0x0 c:/program files (x86)/atmel/studio/7.0/toolchain/avr8/avr8-gnu-toolchain/bin/../lib/gcc/avr/5.4.0/avr5\libgcc.a(_clear_bss.o)

Memory Configuration

Name             Origin             Length             Attributes
text             0x00000000         0x00020000         xr
data             0x00800060         0x0000ffa0         rw !x
eeprom           0x00810000         0x00010000         rw !x
fuse             0x00820000         0x00000002         rw !x
lock             0x00830000         0x00000400         rw !x
signature        0x00840000         0x00000400         rw !x
user_signatures  0x00850000         0x00000400         rw !x
*default*        0x00000000         0xffffffff

Linker script and memory map

LOAD C:/Program Files (x86)/Atmel/Studio/7.0/Packs/atmel/ATmega_DFP/1.2.150/gcc/dev/atmega32/avr5/crtatmega32.o
LOAD GPIO.o
LOAD main.o
LOAD sevensegement.o
LOAD softwaredelay.o
LOAD Spi.o
LOAD spirecivier.o
LOAD spitransmitter.o
LOAD UART.o
LOAD UART_Receiver.o
LOAD UART_Sender.o
LOAD src/ASF/mega/boards/stk600/rcx_x/init.o
START GROUP
LOAD c:/program files (x86)/atmel/studio/7.0/toolchain/avr8/avr8-gnu-toolchain/bin/../lib/gcc/avr/5.4.0/../../../../avr/lib/avr5\libm.a
END GROUP
START GROUP
LOAD c:/program files (x86)/atmel/studio/7.0/toolchain/avr8/avr8-gnu-toolchain/bin/../lib/gcc/avr/5.4.0/avr5\libgcc.a
LOAD c:/program files (x86)/atmel/studio/7.0/toolchain/avr8/avr8-gnu-toolchain/bin/../lib/gcc/avr/5.4.0/../../../../avr/lib/avr5\libm.a
LOAD c:/program files (x86)/atmel/studio/7.0/toolchain/avr8/avr8-gnu-toolchain/bin/../lib/gcc/avr/5.4.0/../../../../avr/lib/avr5\libc.a
LOAD C:/Program Files (x86)/Atmel/Studio/7.0/Packs/atmel/ATmega_DFP/1.2.150/gcc/dev/atmega32/avr5\libatmega32.a
END GROUP
                0x00020000                __TEXT_REGION_LENGTH__ = DEFINED (__TEXT_REGION_LENGTH__)?__TEXT_REGION_LENGTH__:0x20000
                0x0000ffa0                __DATA_REGION_LENGTH__ = DEFINED (__DATA_REGION_LENGTH__)?__DATA_REGION_LENGTH__:0xffa0
                0x00010000                __EEPROM_REGION_LENGTH__ = DEFINED (__EEPROM_REGION_LENGTH__)?__EEPROM_REGION_LENGTH__:0x10000
                [0x00000002]                __FUSE_REGION_LENGTH__ = DEFINED (__FUSE_REGION_LENGTH__)?__FUSE_REGION_LENGTH__:0x400
                0x00000400                __LOCK_REGION_LENGTH__ = DEFINED (__LOCK_REGION_LENGTH__)?__LOCK_REGION_LENGTH__:0x400
                0x00000400                __SIGNATURE_REGION_LENGTH__ = DEFINED (__SIGNATURE_REGION_LENGTH__)?__SIGNATURE_REGION_LENGTH__:0x400
                0x00000400                __USER_SIGNATURE_REGION_LENGTH__ = DEFINED (__USER_SIGNATURE_REGION_LENGTH__)?__USER_SIGNATURE_REGION_LENGTH__:0x400

.hash
 *(.hash)

.dynsym
 *(.dynsym)

.dynstr
 *(.dynstr)

.gnu.version
 *(.gnu.version)

.gnu.version_d
 *(.gnu.version_d)

.gnu.version_r
 *(.gnu.version_r)

.rel.init
 *(.rel.init)

.rela.init
 *(.rela.init)

.rel.text
 *(.rel.text)
 *(.rel.text.*)
 *(.rel.gnu.linkonce.t*)

.rela.text
 *(.rela.text)
 *(.rela.text.*)
 *(.rela.gnu.linkonce.t*)

.rel.fini
 *(.rel.fini)

.rela.fini
 *(.rela.fini)

.rel.rodata
 *(.rel.rodata)
 *(.rel.rodata.*)
 *(.rel.gnu.linkonce.r*)

.rela.rodata
 *(.rela.rodata)
 *(.rela.rodata.*)
 *(.rela.gnu.linkonce.r*)

.rel.data
 *(.rel.data)
 *(.rel.data.*)
 *(.rel.gnu.linkonce.d*)

.rela.data
 *(.rela.data)
 *(.rela.data.*)
 *(.rela.gnu.linkonce.d*)

.rel.ctors
 *(.rel.ctors)

.rela.ctors
 *(.rela.ctors)

.rel.dtors
 *(.rel.dtors)

.rela.dtors
 *(.rela.dtors)

.rel.got
 *(.rel.got)

.rela.got
 *(.rela.got)

.rel.bss
 *(.rel.bss)

.rela.bss
 *(.rela.bss)

.rel.plt
 *(.rel.plt)

.rela.plt
 *(.rela.plt)

.text           0x00000000      0x3be
 *(.vectors)
 .vectors       0x00000000       0x54 C:/Program Files (x86)/Atmel/Studio/7.0/Packs/atmel/ATmega_DFP/1.2.150/gcc/dev/atmega32/avr5/crtatmega32.o
                0x00000000                __vector_default
                0x00000000                __vectors
 *(.vectors)
 *(.progmem.gcc*)
                0x00000054                . = ALIGN (0x2)
                0x00000054                __trampolines_start = .
 *(.trampolines)
 .trampolines   0x00000054        0x0 linker stubs
 *(.trampolines*)
                0x00000054                __trampolines_end = .
 *libprintf_flt.a:*(.progmem.data)
 *libc.a:*(.progmem.data)
 *(.progmem*)
                0x00000054                . = ALIGN (0x2)
 *(.jumptables)
 *(.jumptables*)
 *(.lowtext)
 *(.lowtext*)
                0x00000054                __ctors_start = .
 *(.ctors)
                0x00000054                __ctors_end = .
                0x00000054                __dtors_start = .
 *(.dtors)
                0x00000054                __dtors_end = .
 SORT(*)(.ctors)
 SORT(*)(.dtors)
 *(.init0)
 .init0         0x00000054        0x0 C:/Program Files (x86)/Atmel/Studio/7.0/Packs/atmel/ATmega_DFP/1.2.150/gcc/dev/atmega32/avr5/crtatmega32.o
                0x00000054                __init
 *(.init0)
 *(.init1)
 *(.init1)
 *(.init2)
 .init2         0x00000054        0xc C:/Program Files (x86)/Atmel/Studio/7.0/Packs/atmel/ATmega_DFP/1.2.150/gcc/dev/atmega32/avr5/crtatmega32.o
 *(.init2)
 *(.init3)
 *(.init3)
 *(.init4)
 .init4         0x00000060       0x10 c:/program files (x86)/atmel/studio/7.0/toolchain/avr8/avr8-gnu-toolchain/bin/../lib/gcc/avr/5.4.0/avr5\libgcc.a(_clear_bss.o)
                0x00000060                __do_clear_bss
 *(.init4)
 *(.init5)
 *(.init5)
 *(.init6)
 *(.init6)
 *(.init7)
 *(.init7)
 *(.init8)
 *(.init8)
 *(.init9)
 .init9         0x00000070        0x4 C:/Program Files (x86)/Atmel/Studio/7.0/Packs/atmel/ATmega_DFP/1.2.150/gcc/dev/atmega32/avr5/crtatmega32.o
 *(.init9)
 *(.text)
 .text          0x00000074        0x2 C:/Program Files (x86)/Atmel/Studio/7.0/Packs/atmel/ATmega_DFP/1.2.150/gcc/dev/atmega32/avr5/crtatmega32.o
                0x00000074                __vector_1
                0x00000074                __vector_12
                0x00000074                __bad_interrupt
                0x00000074                __vector_6
                0x00000074                __vector_3
                0x00000074                __vector_11
                0x00000074                __vector_13
                0x00000074                __vector_17
                0x00000074                __vector_19
                0x00000074                __vector_7
                0x00000074                __vector_5
                0x00000074                __vector_4
                0x00000074                __vector_9
                0x00000074                __vector_2
                0x00000074                __vector_15
                0x00000074                __vector_8
                0x00000074                __vector_14
                0x00000074                __vector_10
                0x00000074                __vector_16
                0x00000074                __vector_18
                0x00000074                __vector_20
                0x00000076                . = ALIGN (0x2)
 *(.text.*)
 .text.gpioPinDirection
                0x00000076       0x7e GPIO.o
                0x00000076                gpioPinDirection
 .text.gpioPinWrite
                0x000000f4       0x7e GPIO.o
                0x000000f4                gpioPinWrite
 .text.main     0x00000172        0x8 main.o
                0x00000172                main
 .text.sevenSegInit
                0x0000017a       0x2e sevensegement.o
                0x0000017a                sevenSegInit
 .text.sevenSegEnable
                0x000001a8       0x1e sevensegement.o
                0x000001a8                sevenSegEnable
 .text.sevenSegDisable
                0x000001c6       0x1e sevensegement.o
                0x000001c6                sevenSegDisable
 .text.sevenSegWrite
                0x000001e4       0x18 sevensegement.o
                0x000001e4                sevenSegWrite
 .text.softwareDelayMs
                0x000001fc       0x34 softwaredelay.o
                0x000001fc                softwareDelayMs
 .text.SPI_Init
                0x00000230       0xf0 Spi.o
                0x00000230                SPI_Init
 .text.SPI_Transceiver
                0x00000320       0x18 Spi.o
                0x00000320                SPI_Transceiver
 .text.spi_reciver
                0x00000338       0x82 spirecivier.o
                0x00000338                spi_reciver
                0x000003ba                . = ALIGN (0x2)
 *(.fini9)
 .fini9         0x000003ba        0x0 c:/program files (x86)/atmel/studio/7.0/toolchain/avr8/avr8-gnu-toolchain/bin/../lib/gcc/avr/5.4.0/avr5\libgcc.a(_exit.o)
                0x000003ba                _exit
                0x000003ba                exit
 *(.fini9)
 *(.fini8)
 *(.fini8)
 *(.fini7)
 *(.fini7)
 *(.fini6)
 *(.fini6)
 *(.fini5)
 *(.fini5)
 *(.fini4)
 *(.fini4)
 *(.fini3)
 *(.fini3)
 *(.fini2)
 *(.fini2)
 *(.fini1)
 *(.fini1)
 *(.fini0)
 .fini0         0x000003ba        0x4 c:/program files (x86)/atmel/studio/7.0/toolchain/avr8/avr8-gnu-toolchain/bin/../lib/gcc/avr/5.4.0/avr5\libgcc.a(_exit.o)
 *(.fini0)
                0x000003be                _etext = .

.data           0x00800060        0x0 load address 0x000003be
                [!provide]                PROVIDE (__data_start, .)
 *(.data)
 *(.data*)
 *(.gnu.linkonce.d*)
 *(.rodata)
 *(.rodata*)
 *(.gnu.linkonce.r*)
                0x00800060                . = ALIGN (0x2)
                0x00800060                _edata = .
                [!provide]                PROVIDE (__data_end, .)

.bss            0x00800060        0x0
                0x00800060                PROVIDE (__bss_start, .)
 *(.bss)
 *(.bss*)
 *(COMMON)
                0x00800060                PROVIDE (__bss_end, .)
                0x000003be                __data_load_start = LOADADDR (.data)
                0x000003be                __data_load_end = (__data_load_start + SIZEOF (.data))

.noinit         0x00800060        0x0
                [!provide]                PROVIDE (__noinit_start, .)
 *(.noinit*)
                [!provide]                PROVIDE (__noinit_end, .)
                0x00800060                _end = .
                [!provide]                PROVIDE (__heap_start, .)

.eeprom         0x00810000        0x0
 *(.eeprom*)
                0x00810000                __eeprom_end = .

.fuse
 *(.fuse)
 *(.lfuse)
 *(.hfuse)
 *(.efuse)

.lock
 *(.lock*)

.signature
 *(.signature*)

.user_signatures
 *(.user_signatures*)

.stab
 *(.stab)

.stabstr
 *(.stabstr)

.stab.excl
 *(.stab.excl)

.stab.exclstr
 *(.stab.exclstr)

.stab.index
 *(.stab.index)

.stab.indexstr
 *(.stab.indexstr)

.comment        0x00000000       0x30
 *(.comment)
 .comment       0x00000000       0x30 GPIO.o
                                 0x31 (size before relaxing)
 .comment       0x00000030       0x31 main.o
 .comment       0x00000030       0x31 sevensegement.o
 .comment       0x00000030       0x31 softwaredelay.o
 .comment       0x00000030       0x31 Spi.o
 .comment       0x00000030       0x31 spirecivier.o

.note.gnu.avr.deviceinfo
                0x00000000       0x3c
 .note.gnu.avr.deviceinfo
                0x00000000       0x3c C:/Program Files (x86)/Atmel/Studio/7.0/Packs/atmel/ATmega_DFP/1.2.150/gcc/dev/atmega32/avr5/crtatmega32.o

.note.gnu.build-id
 *(.note.gnu.build-id)

.debug
 *(.debug)

.line
 *(.line)

.debug_srcinfo
 *(.debug_srcinfo)

.debug_sfnames
 *(.debug_sfnames)

.debug_aranges  0x00000000      0x120
 *(.debug_aranges)
 .debug_aranges
                0x00000000       0x58 GPIO.o
 .debug_aranges
                0x00000058       0x20 main.o
 .debug_aranges
                0x00000078       0x38 sevensegement.o
 .debug_aranges
                0x000000b0       0x28 softwaredelay.o
 .debug_aranges
                0x000000d8       0x28 Spi.o
 .debug_aranges
                0x00000100       0x20 spirecivier.o

.debug_pubnames
 *(.debug_pubnames)

.debug_info     0x00000000     0x1401
 *(.debug_info .gnu.linkonce.wi.*)
 .debug_info    0x00000000      0x4e6 C:/Program Files (x86)/Atmel/Studio/7.0/Packs/atmel/ATmega_DFP/1.2.150/gcc/dev/atmega32/avr5/crtatmega32.o
 .debug_info    0x000004e6      0x250 GPIO.o
 .debug_info    0x00000736       0xb5 main.o
 .debug_info    0x000007eb      0x2c5 sevensegement.o
 .debug_info    0x00000ab0      0x142 softwaredelay.o
 .debug_info    0x00000bf2      0x420 Spi.o
 .debug_info    0x00001012      0x3ef spirecivier.o

.debug_abbrev   0x00000000      0x974
 *(.debug_abbrev)
 .debug_abbrev  0x00000000      0x4a3 C:/Program Files (x86)/Atmel/Studio/7.0/Packs/atmel/ATmega_DFP/1.2.150/gcc/dev/atmega32/avr5/crtatmega32.o
 .debug_abbrev  0x000004a3       0xf9 GPIO.o
 .debug_abbrev  0x0000059c       0x89 main.o
 .debug_abbrev  0x00000625       0xcf sevensegement.o
 .debug_abbrev  0x000006f4       0x95 softwaredelay.o
 .debug_abbrev  0x00000789      0x106 Spi.o
 .debug_abbrev  0x0000088f       0xe5 spirecivier.o

.debug_line     0x00000000      0x9e1
 *(.debug_line .debug_line.* .debug_line_end)
 .debug_line    0x00000000      0x115 C:/Program Files (x86)/Atmel/Studio/7.0/Packs/atmel/ATmega_DFP/1.2.150/gcc/dev/atmega32/avr5/crtatmega32.o
 .debug_line    0x00000115      0x2db GPIO.o
 .debug_line    0x000003f0       0xfb main.o
 .debug_line    0x000004eb      0x122 sevensegement.o
 .debug_line    0x0000060d       0xcc softwaredelay.o
 .debug_line    0x000006d9      0x1b9 Spi.o
 .debug_line    0x00000892      0x14f spirecivier.o

.debug_frame    0x00000000      0x1c4
 *(.debug_frame)
 .debug_frame   0x00000000       0x94 GPIO.o
 .debug_frame   0x00000094       0x24 main.o
 .debug_frame   0x000000b8       0x5c sevensegement.o
 .debug_frame   0x00000114       0x34 softwaredelay.o
 .debug_frame   0x00000148       0x48 Spi.o
 .debug_frame   0x00000190       0x34 spirecivier.o

.debug_str      0x00000000     0x3d2a
 *(.debug_str)
 .debug_str     0x00000000      0x196 C:/Program Files (x86)/Atmel/Studio/7.0/Packs/atmel/ATmega_DFP/1.2.150/gcc/dev/atmega32/avr5/crtatmega32.o
 .debug_str     0x00000196     0x34f7 GPIO.o
                               0x3564 (size before relaxing)
 .debug_str     0x0000368d      0x35e main.o
                               0x3801 (size before relaxing)
 .debug_str     0x000039eb       0xc2 sevensegement.o
                               0x3661 (size before relaxing)
 .debug_str     0x00003aad       0x77 softwaredelay.o
                               0x2c2f (size before relaxing)
 .debug_str     0x00003b24      0x1e6 Spi.o
                               0x3861 (size before relaxing)
 .debug_str     0x00003d0a       0x20 spirecivier.o
                               0x395d (size before relaxing)

.debug_loc      0x00000000      0xa56
 *(.debug_loc)
 .debug_loc     0x00000000      0x72d GPIO.o
 .debug_loc     0x0000072d      0x11d sevensegement.o
 .debug_loc     0x0000084a       0xea softwaredelay.o
 .debug_loc     0x00000934       0xb1 Spi.o
 .debug_loc     0x000009e5       0x71 spirecivier.o

.debug_macinfo
 *(.debug_macinfo)

.debug_weaknames
 *(.debug_weaknames)

.debug_funcnames
 *(.debug_funcnames)

.debug_typenames
 *(.debug_typenames)

.debug_varnames
 *(.debug_varnames)

.debug_pubtypes
 *(.debug_pubtypes)

.debug_ranges   0x00000000       0xc0
 *(.debug_ranges)
 .debug_ranges  0x00000000       0x48 GPIO.o
 .debug_ranges  0x00000048       0x10 main.o
 .debug_ranges  0x00000058       0x28 sevensegement.o
 .debug_ranges  0x00000080       0x18 softwaredelay.o
 .debug_ranges  0x00000098       0x18 Spi.o
 .debug_ranges  0x000000b0       0x10 spirecivier.o

.debug_macro    0x00000000     0x1274
 *(.debug_macro)
 .debug_macro   0x00000000       0x2c GPIO.o
 .debug_macro   0x0000002c      0xa4e GPIO.o
 .debug_macro   0x00000a7a       0x2e GPIO.o
 .debug_macro   0x00000aa8      0x1ef GPIO.o
 .debug_macro   0x00000c97       0x2e GPIO.o
 .debug_macro   0x00000cc5       0x8e main.o
 .debug_macro   0x00000d53       0x28 main.o
 .debug_macro   0x00000d7b       0x28 main.o
 .debug_macro   0x00000da3       0x94 main.o
 .debug_macro   0x00000e37       0x3a main.o
 .debug_macro   0x00000e71       0x3a main.o
 .debug_macro   0x00000eab       0x4b sevensegement.o
 .debug_macro   0x00000ef6       0x28 sevensegement.o
 .debug_macro   0x00000f1e       0x34 sevensegement.o
 .debug_macro   0x00000f52       0x24 softwaredelay.o
 .debug_macro   0x00000f76       0x4b Spi.o
 .debug_macro   0x00000fc1      0x1e9 Spi.o
 .debug_macro   0x000011aa       0x34 Spi.o
 .debug_macro   0x000011de       0x68 spirecivier.o
 .debug_macro   0x00001246       0x2e spirecivier.o
OUTPUT(uarttest.elf elf32-avr)
LOAD linker stubs
